Archive member included to satisfy reference by file (symbol)

/Users/margaret/opt/gnu-mcu-eclipse/arm-none-eabi-gcc/7.3.1-1.1-20180724-0637/bin/../lib/gcc/arm-none-eabi/7.3.1/thumb/v6-m/libgcc.a(_udivsi3.o)
                              ../hpl/core/hpl_core_m0plus_base.o (__aeabi_uidiv)
/Users/margaret/opt/gnu-mcu-eclipse/arm-none-eabi-gcc/7.3.1-1.1-20180724-0637/bin/../lib/gcc/arm-none-eabi/7.3.1/thumb/v6-m/libgcc.a(_divsi3.o)
                              ../hpl/core/hpl_core_m0plus_base.o (__aeabi_idiv)
/Users/margaret/opt/gnu-mcu-eclipse/arm-none-eabi-gcc/7.3.1-1.1-20180724-0637/bin/../lib/gcc/arm-none-eabi/7.3.1/thumb/v6-m/libgcc.a(_dvmd_tls.o)
                              /Users/margaret/opt/gnu-mcu-eclipse/arm-none-eabi-gcc/7.3.1-1.1-20180724-0637/bin/../lib/gcc/arm-none-eabi/7.3.1/thumb/v6-m/libgcc.a(_udivsi3.o) (__aeabi_idiv0)
/Users/margaret/opt/gnu-mcu-eclipse/arm-none-eabi-gcc/7.3.1-1.1-20180724-0637/bin/../lib/gcc/arm-none-eabi/7.3.1/thumb/v6-m/libgcc.a(_ffssi2.o)
                              ../hpl/eic/hpl_eic.o (__ffssi2)
/Users/margaret/opt/gnu-mcu-eclipse/arm-none-eabi-gcc/7.3.1-1.1-20180724-0637/bin/../lib/gcc/arm-none-eabi/7.3.1/thumb/v6-m/libgcc.a(_ctzsi2.o)
                              /Users/margaret/opt/gnu-mcu-eclipse/arm-none-eabi-gcc/7.3.1-1.1-20180724-0637/bin/../lib/gcc/arm-none-eabi/7.3.1/thumb/v6-m/libgcc.a(_ffssi2.o) (__ctzsi2)
/Users/margaret/opt/gnu-mcu-eclipse/arm-none-eabi-gcc/7.3.1-1.1-20180724-0637/bin/../lib/gcc/arm-none-eabi/7.3.1/../../../../arm-none-eabi/lib/thumb/v6-m/libc_nano.a(lib_a-exit.o)
                              /Users/margaret/opt/gnu-mcu-eclipse/arm-none-eabi-gcc/7.3.1-1.1-20180724-0637/bin/../lib/gcc/arm-none-eabi/7.3.1/../../../../arm-none-eabi/lib/thumb/v6-m/crt0.o (exit)
/Users/margaret/opt/gnu-mcu-eclipse/arm-none-eabi-gcc/7.3.1-1.1-20180724-0637/bin/../lib/gcc/arm-none-eabi/7.3.1/../../../../arm-none-eabi/lib/thumb/v6-m/libc_nano.a(lib_a-impure.o)
                              /Users/margaret/opt/gnu-mcu-eclipse/arm-none-eabi-gcc/7.3.1-1.1-20180724-0637/bin/../lib/gcc/arm-none-eabi/7.3.1/../../../../arm-none-eabi/lib/thumb/v6-m/libc_nano.a(lib_a-exit.o) (_global_impure_ptr)
/Users/margaret/opt/gnu-mcu-eclipse/arm-none-eabi-gcc/7.3.1-1.1-20180724-0637/bin/../lib/gcc/arm-none-eabi/7.3.1/../../../../arm-none-eabi/lib/thumb/v6-m/libc_nano.a(lib_a-init.o)
                              /Users/margaret/opt/gnu-mcu-eclipse/arm-none-eabi-gcc/7.3.1-1.1-20180724-0637/bin/../lib/gcc/arm-none-eabi/7.3.1/../../../../arm-none-eabi/lib/thumb/v6-m/crt0.o (__libc_init_array)
/Users/margaret/opt/gnu-mcu-eclipse/arm-none-eabi-gcc/7.3.1-1.1-20180724-0637/bin/../lib/gcc/arm-none-eabi/7.3.1/../../../../arm-none-eabi/lib/thumb/v6-m/libc_nano.a(lib_a-memset.o)
                              /Users/margaret/opt/gnu-mcu-eclipse/arm-none-eabi-gcc/7.3.1-1.1-20180724-0637/bin/../lib/gcc/arm-none-eabi/7.3.1/../../../../arm-none-eabi/lib/thumb/v6-m/crt0.o (memset)
/Users/margaret/opt/gnu-mcu-eclipse/arm-none-eabi-gcc/7.3.1-1.1-20180724-0637/bin/../lib/gcc/arm-none-eabi/7.3.1/../../../../arm-none-eabi/lib/thumb/v6-m/libc_nano.a(lib_a-printf.o)
                              ../hal/utils/src/utils_syscalls.o (printf)
/Users/margaret/opt/gnu-mcu-eclipse/arm-none-eabi-gcc/7.3.1-1.1-20180724-0637/bin/../lib/gcc/arm-none-eabi/7.3.1/../../../../arm-none-eabi/lib/thumb/v6-m/libc_nano.a(lib_a-findfp.o)
                              /Users/margaret/opt/gnu-mcu-eclipse/arm-none-eabi-gcc/7.3.1-1.1-20180724-0637/bin/../lib/gcc/arm-none-eabi/7.3.1/../../../../arm-none-eabi/lib/thumb/v6-m/libc_nano.a(lib_a-printf.o) (__sinit)
/Users/margaret/opt/gnu-mcu-eclipse/arm-none-eabi-gcc/7.3.1-1.1-20180724-0637/bin/../lib/gcc/arm-none-eabi/7.3.1/../../../../arm-none-eabi/lib/thumb/v6-m/libc_nano.a(lib_a-fwalk.o)
                              /Users/margaret/opt/gnu-mcu-eclipse/arm-none-eabi-gcc/7.3.1-1.1-20180724-0637/bin/../lib/gcc/arm-none-eabi/7.3.1/../../../../arm-none-eabi/lib/thumb/v6-m/libc_nano.a(lib_a-findfp.o) (_fwalk)
/Users/margaret/opt/gnu-mcu-eclipse/arm-none-eabi-gcc/7.3.1-1.1-20180724-0637/bin/../lib/gcc/arm-none-eabi/7.3.1/../../../../arm-none-eabi/lib/thumb/v6-m/libc_nano.a(lib_a-nano-mallocr.o)
                              /Users/margaret/opt/gnu-mcu-eclipse/arm-none-eabi-gcc/7.3.1-1.1-20180724-0637/bin/../lib/gcc/arm-none-eabi/7.3.1/../../../../arm-none-eabi/lib/thumb/v6-m/libc_nano.a(lib_a-findfp.o) (_malloc_r)
/Users/margaret/opt/gnu-mcu-eclipse/arm-none-eabi-gcc/7.3.1-1.1-20180724-0637/bin/../lib/gcc/arm-none-eabi/7.3.1/../../../../arm-none-eabi/lib/thumb/v6-m/libc_nano.a(lib_a-nano-vfprintf.o)
                              /Users/margaret/opt/gnu-mcu-eclipse/arm-none-eabi-gcc/7.3.1-1.1-20180724-0637/bin/../lib/gcc/arm-none-eabi/7.3.1/../../../../arm-none-eabi/lib/thumb/v6-m/libc_nano.a(lib_a-printf.o) (_vfprintf_r)
[...]
Memory Configuration

Name             Origin             Length             Attributes
rom              0x0000000000000000 0x0000000000040000 xr
ram              0x0000000020000000 0x0000000000008000 xrw
*default*        0x0000000000000000 0xffffffffffffffff

Linker script and memory map

LOAD /Users/margaret/opt/gnu-mcu-eclipse/arm-none-eabi-gcc/7.3.1-1.1-20180724-0637/bin/../lib/gcc/arm-none-eabi/7.3.1/thumb/v6-m/crti.o
LOAD /Users/margaret/opt/gnu-mcu-eclipse/arm-none-eabi-gcc/7.3.1-1.1-20180724-0637/bin/../lib/gcc/arm-none-eabi/7.3.1/thumb/v6-m/crtbegin.o
LOAD /Users/margaret/opt/gnu-mcu-eclipse/arm-none-eabi-gcc/7.3.1-1.1-20180724-0637/bin/../lib/gcc/arm-none-eabi/7.3.1/../../../../arm-none-eabi/lib/thumb/v6-m/crt0.o
LOAD ../hal/src/hal_io.o
LOAD ../samd21a/gcc/gcc/startup_samd21.o
LOAD ../hpl/eic/hpl_eic.o
LOAD ../hal/utils/src/utils_syscalls.o
LOAD ../hal/src/hal_delay.o
LOAD ../hpl/pm/hpl_pm.o
LOAD ../hpl/core/hpl_init.o
LOAD ../hal/utils/src/utils_list.o
LOAD ../hpl/core/hpl_core_m0plus_base.o
LOAD ../hal/utils/src/utils_assert.o
LOAD ../hpl/dmac/hpl_dmac.o
LOAD ../hpl/sysctrl/hpl_sysctrl.o
LOAD ../hpl/gclk/hpl_gclk.o
LOAD ../hal/src/hal_init.o
LOAD ../main.o
LOAD ../samd21a/gcc/system_samd21.o
LOAD ../examples/driver_examples.o
LOAD ../driver_init.o
LOAD ../hal/src/hal_ext_irq.o
LOAD ../hal/src/hal_gpio.o
LOAD ../hal/utils/src/utils_event.o
LOAD ../hal/src/hal_sleep.o
LOAD ../atmel_start.o
LOAD ../hal/src/hal_atomic.o
START GROUP
LOAD /Users/margaret/opt/gnu-mcu-eclipse/arm-none-eabi-gcc/7.3.1-1.1-20180724-0637/bin/../lib/gcc/arm-none-eabi/7.3.1/../../../../arm-none-eabi/lib/thumb/v6-m/libm.a
END GROUP
START GROUP
LOAD /Users/margaret/opt/gnu-mcu-eclipse/arm-none-eabi-gcc/7.3.1-1.1-20180724-0637/bin/../lib/gcc/arm-none-eabi/7.3.1/thumb/v6-m/libgcc.a
LOAD /Users/margaret/opt/gnu-mcu-eclipse/arm-none-eabi-gcc/7.3.1-1.1-20180724-0637/bin/../lib/gcc/arm-none-eabi/7.3.1/../../../../arm-none-eabi/lib/thumb/v6-m/libc_nano.a
END GROUP
START GROUP
LOAD /Users/margaret/opt/gnu-mcu-eclipse/arm-none-eabi-gcc/7.3.1-1.1-20180724-0637/bin/../lib/gcc/arm-none-eabi/7.3.1/thumb/v6-m/libgcc.a
LOAD /Users/margaret/opt/gnu-mcu-eclipse/arm-none-eabi-gcc/7.3.1-1.1-20180724-0637/bin/../lib/gcc/arm-none-eabi/7.3.1/../../../../arm-none-eabi/lib/thumb/v6-m/libc_nano.a
END GROUP
LOAD /Users/margaret/opt/gnu-mcu-eclipse/arm-none-eabi-gcc/7.3.1-1.1-20180724-0637/bin/../lib/gcc/arm-none-eabi/7.3.1/thumb/v6-m/crtend.o
LOAD /Users/margaret/opt/gnu-mcu-eclipse/arm-none-eabi-gcc/7.3.1-1.1-20180724-0637/bin/../lib/gcc/arm-none-eabi/7.3.1/thumb/v6-m/crtn.o
                0x0000000000002000                STACK_SIZE = DEFINED (STACK_SIZE)?STACK_SIZE:DEFINED (__stack_size__)?__stack_size__:0x2000

.text           0x0000000000002000      0x804
                0x0000000000002000                . = ALIGN (0x4)
                0x0000000000002000                _sfixed = .
 *(.vectors .vectors.*)
 .vectors       0x0000000000002000       0xb4 ../samd21a/gcc/gcc/startup_samd21.o
                0x0000000000002000                exception_table
 *(.text .text.* .gnu.linkonce.t.*)
 .text.deregister_tm_clones
                0x00000000000020b4       0x20 /Users/margaret/opt/gnu-mcu-eclipse/arm-none-eabi-gcc/7.3.1-1.1-20180724-0637/bin/../lib/gcc/arm-none-eabi/7.3.1/thumb/v6-m/crtbegin.o
 .text.register_tm_clones
                0x00000000000020d4       0x28 /Users/margaret/opt/gnu-mcu-eclipse/arm-none-eabi-gcc/7.3.1-1.1-20180724-0637/bin/../lib/gcc/arm-none-eabi/7.3.1/thumb/v6-m/crtbegin.o
 .text.__do_global_dtors_aux
                0x00000000000020fc       0x2c /Users/margaret/opt/gnu-mcu-eclipse/arm-none-eabi-gcc/7.3.1-1.1-20180724-0637/bin/../lib/gcc/arm-none-eabi/7.3.1/thumb/v6-m/crtbegin.o
 .text.frame_dummy
                0x0000000000002128       0x24 /Users/margaret/opt/gnu-mcu-eclipse/arm-none-eabi-gcc/7.3.1-1.1-20180724-0637/bin/../lib/gcc/arm-none-eabi/7.3.1/thumb/v6-m/crtbegin.o
 .text.Dummy_Handler
                0x000000000000214c        0x2 ../samd21a/gcc/gcc/startup_samd21.o
                0x000000000000214c                SYSCTRL_Handler
                0x000000000000214c                DMAC_Handler
                0x000000000000214c                HardFault_Handler
                0x000000000000214c                AC_Handler
                0x000000000000214c                SysTick_Handler
                0x000000000000214c                PendSV_Handler
                0x000000000000214c                SERCOM1_Handler
                0x000000000000214c                ADC_Handler
                0x000000000000214c                NonMaskableInt_Handler
                0x000000000000214c                TCC1_Handler
                0x000000000000214c                SERCOM2_Handler
                0x000000000000214c                TCC0_Handler
                0x000000000000214c                RTC_Handler
                0x000000000000214c                WDT_Handler
                0x000000000000214c                TC4_Handler
                0x000000000000214c                USB_Handler
                0x000000000000214c                TC3_Handler
                0x000000000000214c                Dummy_Handler
                0x000000000000214c                PM_Handler
                0x000000000000214c                SERCOM5_Handler
                0x000000000000214c                TCC2_Handler
                0x000000000000214c                EVSYS_Handler
                0x000000000000214c                SERCOM3_Handler
                0x000000000000214c                SERCOM4_Handler
                0x000000000000214c                I2S_Handler
                0x000000000000214c                NVMCTRL_Handler
                0x000000000000214c                SERCOM0_Handler
                0x000000000000214c                DAC_Handler
                0x000000000000214c                PTC_Handler
                0x000000000000214c                TC5_Handler
                0x000000000000214c                SVCall_Handler
 *fill*         0x000000000000214e        0x2 
 .text.Reset_Handler
                0x0000000000002150       0xbc ../samd21a/gcc/gcc/startup_samd21.o
                0x0000000000002150                Reset_Handler
 .text.hri_eic_wait_for_sync.constprop.4
                0x000000000000220c       0x10 ../hpl/eic/hpl_eic.o
 .text._ext_irq_init
                0x000000000000221c       0x74 ../hpl/eic/hpl_eic.o
                0x000000000000221c                _ext_irq_init
 .text._ext_irq_enable
                0x0000000000002290       0x24 ../hpl/eic/hpl_eic.o
                0x0000000000002290                _ext_irq_enable
 .text.EIC_Handler
                0x00000000000022b4       0xa4 ../hpl/eic/hpl_eic.o
                0x00000000000022b4                EIC_Handler
 .text.delay_ms
                0x0000000000002358       0x20 ../hal/src/hal_delay.o
                0x0000000000002358                delay_ms
 .text._pm_init
                0x0000000000002378       0x20 ../hpl/pm/hpl_pm.o
                0x0000000000002378                _pm_init
 .text._init_chip
                0x0000000000002398       0x34 ../hpl/core/hpl_init.o
                0x0000000000002398                _init_chip
 .text._get_cycles_for_ms
                0x00000000000023cc       0x1c ../hpl/core/hpl_core_m0plus_base.o
                0x00000000000023cc                _get_cycles_for_ms
 .text._delay_cycles
                0x00000000000023e8        0x6 ../hpl/core/hpl_core_m0plus_base.o
                0x00000000000023e8                _delay_cycles
 .text.assert   0x00000000000023ee        0x8 ../hal/utils/src/utils_assert.o
                0x00000000000023ee                assert
 *fill*         0x00000000000023f6        0x2 
 .text._sysctrl_init_sources
                0x00000000000023f8       0x40 ../hpl/sysctrl/hpl_sysctrl.o
                0x00000000000023f8                _sysctrl_init_sources
 .text._sysctrl_init_referenced_generators
                0x0000000000002438       0x10 ../hpl/sysctrl/hpl_sysctrl.o
                0x0000000000002438                _sysctrl_init_referenced_generators
 .text._gclk_init_generators_by_fref
                0x0000000000002448       0x20 ../hpl/gclk/hpl_gclk.o
                0x0000000000002448                _gclk_init_generators_by_fref
 .text.awake    0x0000000000002468       0x20 ../main.o
                0x0000000000002468                awake
 .text.zzz      0x0000000000002488       0x18 ../main.o
                0x0000000000002488                zzz
 .text.startup.main
                0x00000000000024a0       0x30 ../main.o
                0x00000000000024a0                main
 .text.EXTERNAL_IRQ_0_init
                0x00000000000024d0       0x60 ../driver_init.o
                0x00000000000024d0                EXTERNAL_IRQ_0_init
 .text.system_init
                0x0000000000002530       0x40 ../driver_init.o
                0x0000000000002530                system_init
 .text.process_ext_irq
                0x0000000000002570       0x38 ../hal/src/hal_ext_irq.o
 .text.ext_irq_init
                0x00000000000025a8       0x24 ../hal/src/hal_ext_irq.o
                0x00000000000025a8                ext_irq_init
 .text.ext_irq_register
                0x00000000000025cc       0x38 ../hal/src/hal_ext_irq.o
                0x00000000000025cc                ext_irq_register
 .text.atmel_start_init
                0x0000000000002604        0xc ../atmel_start.o
                0x0000000000002604                atmel_start_init
 .text          0x0000000000002610      0x114 /Users/margaret/opt/gnu-mcu-eclipse/arm-none-eabi-gcc/7.3.1-1.1-20180724-0637/bin/../lib/gcc/arm-none-eabi/7.3.1/thumb/v6-m/libgcc.a(_udivsi3.o)
                0x0000000000002610                __udivsi3
                0x0000000000002610                __aeabi_uidiv
                0x000000000000271c                __aeabi_uidivmod
 .text          0x0000000000002724        0x4 /Users/margaret/opt/gnu-mcu-eclipse/arm-none-eabi-gcc/7.3.1-1.1-20180724-0637/bin/../lib/gcc/arm-none-eabi/7.3.1/thumb/v6-m/libgcc.a(_dvmd_tls.o)
                0x0000000000002724                __aeabi_ldiv0
                0x0000000000002724                __aeabi_idiv0
 .text.__ffssi2
                0x0000000000002728       0x14 /Users/margaret/opt/gnu-mcu-eclipse/arm-none-eabi-gcc/7.3.1-1.1-20180724-0637/bin/../lib/gcc/arm-none-eabi/7.3.1/thumb/v6-m/libgcc.a(_ffssi2.o)
                0x0000000000002728                __ffssi2
 .text          0x000000000000273c       0x40 /Users/margaret/opt/gnu-mcu-eclipse/arm-none-eabi-gcc/7.3.1-1.1-20180724-0637/bin/../lib/gcc/arm-none-eabi/7.3.1/thumb/v6-m/libgcc.a(_ctzsi2.o)
                0x000000000000273c                __ctzsi2
 .text.__libc_init_array
                0x000000000000277c       0x48 /Users/margaret/opt/gnu-mcu-eclipse/arm-none-eabi-gcc/7.3.1-1.1-20180724-0637/bin/../lib/gcc/arm-none-eabi/7.3.1/../../../../arm-none-eabi/lib/thumb/v6-m/libc_nano.a(lib_a-init.o)
                0x000000000000277c                __libc_init_array
 *(.glue_7t)
 .glue_7t       0x00000000000027c4        0x0 linker stubs
 *(.glue_7)
 .glue_7        0x00000000000027c4        0x0 linker stubs
 *(.rodata .rodata* .gnu.linkonce.r.*)
 .rodata        0x00000000000027c4        0x8 ../hpl/eic/hpl_eic.o
 .rodata.str1.1
                0x00000000000027cc       0x15 ../hpl/eic/hpl_eic.o
 *(.ARM.extab* .gnu.linkonce.armextab.*)
                0x00000000000027e4                . = ALIGN (0x4)
 *fill*         0x00000000000027e1        0x3 
 *(.init)
 .init          0x00000000000027e4        0x4 /Users/margaret/opt/gnu-mcu-eclipse/arm-none-eabi-gcc/7.3.1-1.1-20180724-0637/bin/../lib/gcc/arm-none-eabi/7.3.1/thumb/v6-m/crti.o
                0x00000000000027e4                _init
 .init          0x00000000000027e8        0x8 /Users/margaret/opt/gnu-mcu-eclipse/arm-none-eabi-gcc/7.3.1-1.1-20180724-0637/bin/../lib/gcc/arm-none-eabi/7.3.1/thumb/v6-m/crtn.o
                0x00000000000027f0                . = ALIGN (0x4)
                0x00000000000027f0                __preinit_array_start = .
 *(.preinit_array)
                0x00000000000027f0                __preinit_array_end = .
                0x00000000000027f0                . = ALIGN (0x4)
                0x00000000000027f0                __init_array_start = .
 *(SORT_BY_NAME(.init_array.*))
 *(.init_array)
 .init_array    0x00000000000027f0        0x4 /Users/margaret/opt/gnu-mcu-eclipse/arm-none-eabi-gcc/7.3.1-1.1-20180724-0637/bin/../lib/gcc/arm-none-eabi/7.3.1/thumb/v6-m/crtbegin.o
                0x00000000000027f4                __init_array_end = .
                0x00000000000027f4                . = ALIGN (0x4)
 *crtbegin.o(.ctors)
 *(EXCLUDE_FILE(*crtend.o) .ctors)
 *(SORT_BY_NAME(.ctors.*))
 *crtend.o(.ctors)
                0x00000000000027f4                . = ALIGN (0x4)
 *(.fini)
 .fini          0x00000000000027f4        0x4 /Users/margaret/opt/gnu-mcu-eclipse/arm-none-eabi-gcc/7.3.1-1.1-20180724-0637/bin/../lib/gcc/arm-none-eabi/7.3.1/thumb/v6-m/crti.o
                0x00000000000027f4                _fini
 .fini          0x00000000000027f8        0x8 /Users/margaret/opt/gnu-mcu-eclipse/arm-none-eabi-gcc/7.3.1-1.1-20180724-0637/bin/../lib/gcc/arm-none-eabi/7.3.1/thumb/v6-m/crtn.o
                0x0000000000002800                . = ALIGN (0x4)
                0x0000000000002800                __fini_array_start = .
 *(.fini_array)
 .fini_array    0x0000000000002800        0x4 /Users/margaret/opt/gnu-mcu-eclipse/arm-none-eabi-gcc/7.3.1-1.1-20180724-0637/bin/../lib/gcc/arm-none-eabi/7.3.1/thumb/v6-m/crtbegin.o
 *(SORT_BY_NAME(.fini_array.*))
                0x0000000000002804                __fini_array_end = .
 *crtbegin.o(.dtors)
 *(EXCLUDE_FILE(*crtend.o) .dtors)
 *(SORT_BY_NAME(.dtors.*))
 *crtend.o(.dtors)
                0x0000000000002804                . = ALIGN (0x4)
                0x0000000000002804                _efixed = .
                [!provide]                        PROVIDE (__exidx_start = .)

.vfp11_veneer   0x0000000000002804        0x0
 .vfp11_veneer  0x0000000000002804        0x0 linker stubs

.v4_bx          0x0000000000002804        0x0
 .v4_bx         0x0000000000002804        0x0 linker stubs

.iplt           0x0000000000002804        0x0
 .iplt          0x0000000000002804        0x0 /Users/margaret/opt/gnu-mcu-eclipse/arm-none-eabi-gcc/7.3.1-1.1-20180724-0637/bin/../lib/gcc/arm-none-eabi/7.3.1/thumb/v6-m/crtbegin.o

.eh_frame       0x0000000000002804        0x0
 .eh_frame      0x0000000000002804        0x0 /Users/margaret/opt/gnu-mcu-eclipse/arm-none-eabi-gcc/7.3.1-1.1-20180724-0637/bin/../lib/gcc/arm-none-eabi/7.3.1/thumb/v6-m/crtbegin.o

.rel.dyn        0x0000000000002804        0x0
 .rel.iplt      0x0000000000002804        0x0 /Users/margaret/opt/gnu-mcu-eclipse/arm-none-eabi-gcc/7.3.1-1.1-20180724-0637/bin/../lib/gcc/arm-none-eabi/7.3.1/thumb/v6-m/crtbegin.o

.tm_clone_table
                0x0000000000002804        0x0
 .tm_clone_table
                0x0000000000002804        0x0 /Users/margaret/opt/gnu-mcu-eclipse/arm-none-eabi-gcc/7.3.1-1.1-20180724-0637/bin/../lib/gcc/arm-none-eabi/7.3.1/thumb/v6-m/crtbegin.o
 .tm_clone_table
                0x0000000000002804        0x0 /Users/margaret/opt/gnu-mcu-eclipse/arm-none-eabi-gcc/7.3.1-1.1-20180724-0637/bin/../lib/gcc/arm-none-eabi/7.3.1/thumb/v6-m/crtend.o

.igot.plt       0x0000000000002804        0x0
 .igot.plt      0x0000000000002804        0x0 /Users/margaret/opt/gnu-mcu-eclipse/arm-none-eabi-gcc/7.3.1-1.1-20180724-0637/bin/../lib/gcc/arm-none-eabi/7.3.1/thumb/v6-m/crtbegin.o

.ARM.exidx
 *(.ARM.exidx* .gnu.linkonce.armexidx.*)
                [!provide]                        PROVIDE (__exidx_end = .)
                0x0000000000002804                . = ALIGN (0x4)
                0x0000000000002804                _etext = .

.relocate       0x0000000020000000        0x0 load address 0x0000000000002804
                0x0000000020000000                . = ALIGN (0x4)
                0x0000000020000000                _srelocate = .
 *(.ramfunc .ramfunc.*)
 *(.data .data.*)
                0x0000000020000000                . = ALIGN (0x4)
                0x0000000020000000                _erelocate = .

.bss            0x0000000020000000       0x2c
                0x0000000020000000                . = ALIGN (0x4)
                0x0000000020000000                _sbss = .
                0x0000000020000000                _szero = .
 *(.bss .bss.*)
 .bss.completed.6486
                0x0000000020000000        0x1 /Users/margaret/opt/gnu-mcu-eclipse/arm-none-eabi-gcc/7.3.1-1.1-20180724-0637/bin/../lib/gcc/arm-none-eabi/7.3.1/thumb/v6-m/crtbegin.o
 *fill*         0x0000000020000001        0x3 
 .bss.object.6491
                0x0000000020000004       0x18 /Users/margaret/opt/gnu-mcu-eclipse/arm-none-eabi-gcc/7.3.1-1.1-20180724-0637/bin/../lib/gcc/arm-none-eabi/7.3.1/thumb/v6-m/crtbegin.o
 .bss           0x000000002000001c        0x4 ../hpl/eic/hpl_eic.o
 .bss           0x0000000020000020        0x4 ../hal/src/hal_delay.o
 .bss           0x0000000020000024        0x8 ../hal/src/hal_ext_irq.o
 *(COMMON)
                0x000000002000002c                . = ALIGN (0x4)
                0x000000002000002c                _ebss = .
                0x000000002000002c                _ezero = .

.stack          0x000000002000002c     0x2004
                0x0000000020000030                . = ALIGN (0x8)
 *fill*         0x000000002000002c        0x4 
                0x0000000020000030                _sstack = .
                0x0000000020002030                . = (. + STACK_SIZE)
 *fill*         0x0000000020000030     0x2000 
                0x0000000020002030                . = ALIGN (0x8)
                0x0000000020002030                _estack = .
                0x0000000020002030                . = ALIGN (0x4)
                0x0000000020002030                _end = .
OUTPUT(AtmelStart.elf elf32-littlearm)

.ARM.attributes
                0x0000000000000000       0x28
 .ARM.attributes
                0x0000000000000000       0x1e /Users/margaret/opt/gnu-mcu-eclipse/arm-none-eabi-gcc/7.3.1-1.1-20180724-0637/bin/../lib/gcc/arm-none-eabi/7.3.1/thumb/v6-m/crti.o
 .ARM.attributes
                0x000000000000001e       0x2c /Users/margaret/opt/gnu-mcu-eclipse/arm-none-eabi-gcc/7.3.1-1.1-20180724-0637/bin/../lib/gcc/arm-none-eabi/7.3.1/thumb/v6-m/crtbegin.o
 .ARM.attributes
                0x000000000000004a       0x32 ../samd21a/gcc/gcc/startup_samd21.o
 .ARM.attributes
                0x000000000000007c       0x32 ../hpl/eic/hpl_eic.o
 .ARM.attributes
                0x00000000000000ae       0x32 ../hal/src/hal_delay.o
 .ARM.attributes
                0x00000000000000e0       0x32 ../hpl/pm/hpl_pm.o
 .ARM.attributes
                0x0000000000000112       0x32 ../hpl/core/hpl_init.o
 .ARM.attributes
                0x0000000000000144       0x32 ../hpl/core/hpl_core_m0plus_base.o
 .ARM.attributes
                0x0000000000000176       0x32 ../hal/utils/src/utils_assert.o
 .ARM.attributes
                0x00000000000001a8       0x32 ../hpl/sysctrl/hpl_sysctrl.o
 .ARM.attributes
                0x00000000000001da       0x32 ../hpl/gclk/hpl_gclk.o
 .ARM.attributes
                0x000000000000020c       0x32 ../main.o
 .ARM.attributes
                0x000000000000023e       0x32 ../driver_init.o
 .ARM.attributes
                0x0000000000000270       0x32 ../hal/src/hal_ext_irq.o
 .ARM.attributes
                0x00000000000002a2       0x32 ../atmel_start.o
 .ARM.attributes
                0x00000000000002d4       0x1e /Users/margaret/opt/gnu-mcu-eclipse/arm-none-eabi-gcc/7.3.1-1.1-20180724-0637/bin/../lib/gcc/arm-none-eabi/7.3.1/thumb/v6-m/libgcc.a(_udivsi3.o)
 .ARM.attributes
                0x00000000000002f2       0x1e /Users/margaret/opt/gnu-mcu-eclipse/arm-none-eabi-gcc/7.3.1-1.1-20180724-0637/bin/../lib/gcc/arm-none-eabi/7.3.1/thumb/v6-m/libgcc.a(_dvmd_tls.o)
 .ARM.attributes
                0x0000000000000310       0x2c /Users/margaret/opt/gnu-mcu-eclipse/arm-none-eabi-gcc/7.3.1-1.1-20180724-0637/bin/../lib/gcc/arm-none-eabi/7.3.1/thumb/v6-m/libgcc.a(_ffssi2.o)
 .ARM.attributes
                0x000000000000033c       0x1e /Users/margaret/opt/gnu-mcu-eclipse/arm-none-eabi-gcc/7.3.1-1.1-20180724-0637/bin/../lib/gcc/arm-none-eabi/7.3.1/thumb/v6-m/libgcc.a(_ctzsi2.o)
 .ARM.attributes
                0x000000000000035a       0x2c /Users/margaret/opt/gnu-mcu-eclipse/arm-none-eabi-gcc/7.3.1-1.1-20180724-0637/bin/../lib/gcc/arm-none-eabi/7.3.1/../../../../arm-none-eabi/lib/thumb/v6-m/libc_nano.a(lib_a-init.o)
 .ARM.attributes
                0x0000000000000386       0x2c /Users/margaret/opt/gnu-mcu-eclipse/arm-none-eabi-gcc/7.3.1-1.1-20180724-0637/bin/../lib/gcc/arm-none-eabi/7.3.1/thumb/v6-m/crtend.o
 .ARM.attributes
                0x00000000000003b2       0x1e /Users/margaret/opt/gnu-mcu-eclipse/arm-none-eabi-gcc/7.3.1-1.1-20180724-0637/bin/../lib/gcc/arm-none-eabi/7.3.1/thumb/v6-m/crtn.o

.comment        0x0000000000000000       0x71
 .comment       0x0000000000000000       0x71 ../samd21a/gcc/gcc/startup_samd21.o
                                         0x72 (size before relaxing)
 .comment       0x0000000000000071       0x72 ../hpl/eic/hpl_eic.o
 .comment       0x0000000000000071       0x72 ../hal/src/hal_delay.o
 .comment       0x0000000000000071       0x72 ../hpl/pm/hpl_pm.o
 .comment       0x0000000000000071       0x72 ../hpl/core/hpl_init.o
 .comment       0x0000000000000071       0x72 ../hpl/core/hpl_core_m0plus_base.o
 .comment       0x0000000000000071       0x72 ../hal/utils/src/utils_assert.o
 .comment       0x0000000000000071       0x72 ../hpl/sysctrl/hpl_sysctrl.o
 .comment       0x0000000000000071       0x72 ../hpl/gclk/hpl_gclk.o
 .comment       0x0000000000000071       0x72 ../main.o
 .comment       0x0000000000000071       0x72 ../driver_init.o
 .comment       0x0000000000000071       0x72 ../hal/src/hal_ext_irq.o
 .comment       0x0000000000000071       0x72 ../atmel_start.o

.debug_info     0x0000000000000000     0xa753
 .debug_info    0x0000000000000000     0x35c7 ../samd21a/gcc/gcc/startup_samd21.o
 .debug_info    0x00000000000035c7     0x1d3e ../hpl/eic/hpl_eic.o
 .debug_info    0x0000000000005305      0x1b0 ../hal/src/hal_delay.o
 .debug_info    0x00000000000054b5      0xba6 ../hpl/pm/hpl_pm.o
 .debug_info    0x000000000000605b      0x621 ../hpl/core/hpl_init.o
 .debug_info    0x000000000000667c      0x7cb ../hpl/core/hpl_core_m0plus_base.o
 .debug_info    0x0000000000006e47       0xf2 ../hal/utils/src/utils_assert.o
 .debug_info    0x0000000000006f39     0x1283 ../hpl/sysctrl/hpl_sysctrl.o
 .debug_info    0x00000000000081bc      0x49b ../hpl/gclk/hpl_gclk.o
 .debug_info    0x0000000000008657      0xa52 ../main.o
 .debug_info    0x00000000000090a9     0x12e4 ../driver_init.o
 .debug_info    0x000000000000a38d      0x30f ../hal/src/hal_ext_irq.o
 .debug_info    0x000000000000a69c       0xb7 ../atmel_start.o

.debug_abbrev   0x0000000000000000     0x19ae
 .debug_abbrev  0x0000000000000000      0x25b ../samd21a/gcc/gcc/startup_samd21.o
 .debug_abbrev  0x000000000000025b      0x422 ../hpl/eic/hpl_eic.o
 .debug_abbrev  0x000000000000067d       0xdb ../hal/src/hal_delay.o
 .debug_abbrev  0x0000000000000758      0x22e ../hpl/pm/hpl_pm.o
 .debug_abbrev  0x0000000000000986      0x1d3 ../hpl/core/hpl_init.o
 .debug_abbrev  0x0000000000000b59      0x2ae ../hpl/core/hpl_core_m0plus_base.o
 .debug_abbrev  0x0000000000000e07       0x81 ../hal/utils/src/utils_assert.o
 .debug_abbrev  0x0000000000000e88      0x215 ../hpl/sysctrl/hpl_sysctrl.o
 .debug_abbrev  0x000000000000109d      0x1b5 ../hpl/gclk/hpl_gclk.o
 .debug_abbrev  0x0000000000001252      0x2ca ../main.o
 .debug_abbrev  0x000000000000151c      0x2b4 ../driver_init.o
 .debug_abbrev  0x00000000000017d0      0x160 ../hal/src/hal_ext_irq.o
 .debug_abbrev  0x0000000000001930       0x7e ../atmel_start.o

.debug_loc      0x0000000000000000     0x109e
 .debug_loc     0x0000000000000000       0x2b ../samd21a/gcc/gcc/startup_samd21.o
 .debug_loc     0x000000000000002b      0x4b7 ../hpl/eic/hpl_eic.o
 .debug_loc     0x00000000000004e2       0x63 ../hal/src/hal_delay.o
 .debug_loc     0x0000000000000545      0x10d ../hpl/pm/hpl_pm.o
 .debug_loc     0x0000000000000652       0x2c ../hpl/core/hpl_init.o
 .debug_loc     0x000000000000067e      0x197 ../hpl/core/hpl_core_m0plus_base.o
 .debug_loc     0x0000000000000815       0xe8 ../hpl/sysctrl/hpl_sysctrl.o
 .debug_loc     0x00000000000008fd       0xea ../hpl/gclk/hpl_gclk.o
 .debug_loc     0x00000000000009e7       0x86 ../main.o
 .debug_loc     0x0000000000000a6d      0x3e5 ../driver_init.o
 .debug_loc     0x0000000000000e52      0x24c ../hal/src/hal_ext_irq.o

.debug_aranges  0x0000000000000000      0x2a8
 .debug_aranges
                0x0000000000000000       0x28 ../samd21a/gcc/gcc/startup_samd21.o
 .debug_aranges
                0x0000000000000028       0x40 ../hpl/eic/hpl_eic.o
 .debug_aranges
                0x0000000000000068       0x38 ../hal/src/hal_delay.o
 .debug_aranges
                0x00000000000000a0       0x30 ../hpl/pm/hpl_pm.o
 .debug_aranges
                0x00000000000000d0       0x20 ../hpl/core/hpl_init.o
 .debug_aranges
                0x00000000000000f0       0x80 ../hpl/core/hpl_core_m0plus_base.o
 .debug_aranges
                0x0000000000000170       0x20 ../hal/utils/src/utils_assert.o
 .debug_aranges
                0x0000000000000190       0x28 ../hpl/sysctrl/hpl_sysctrl.o
 .debug_aranges
                0x00000000000001b8       0x28 ../hpl/gclk/hpl_gclk.o
 .debug_aranges
                0x00000000000001e0       0x30 ../main.o
 .debug_aranges
                0x0000000000000210       0x28 ../driver_init.o
 .debug_aranges
                0x0000000000000238       0x50 ../hal/src/hal_ext_irq.o
 .debug_aranges
                0x0000000000000288       0x20 ../atmel_start.o

.debug_ranges   0x0000000000000000      0x568
 .debug_ranges  0x0000000000000000       0x18 ../samd21a/gcc/gcc/startup_samd21.o
 .debug_ranges  0x0000000000000018      0x128 ../hpl/eic/hpl_eic.o
 .debug_ranges  0x0000000000000140       0x28 ../hal/src/hal_delay.o
 .debug_ranges  0x0000000000000168       0x50 ../hpl/pm/hpl_pm.o
 .debug_ranges  0x00000000000001b8       0x30 ../hpl/core/hpl_init.o
 .debug_ranges  0x00000000000001e8       0xa8 ../hpl/core/hpl_core_m0plus_base.o
 .debug_ranges  0x0000000000000290       0x10 ../hal/utils/src/utils_assert.o
 .debug_ranges  0x00000000000002a0       0x68 ../hpl/sysctrl/hpl_sysctrl.o
 .debug_ranges  0x0000000000000308       0x18 ../hpl/gclk/hpl_gclk.o
 .debug_ranges  0x0000000000000320       0x58 ../main.o
 .debug_ranges  0x0000000000000378      0x1a0 ../driver_init.o
 .debug_ranges  0x0000000000000518       0x40 ../hal/src/hal_ext_irq.o
 .debug_ranges  0x0000000000000558       0x10 ../atmel_start.o

.debug_line     0x0000000000000000     0x1ee2
 .debug_line    0x0000000000000000      0x225 ../samd21a/gcc/gcc/startup_samd21.o
 .debug_line    0x0000000000000225      0x449 ../hpl/eic/hpl_eic.o
 .debug_line    0x000000000000066e      0x1bb ../hal/src/hal_delay.o
 .debug_line    0x0000000000000829      0x250 ../hpl/pm/hpl_pm.o
 .debug_line    0x0000000000000a79      0x21c ../hpl/core/hpl_init.o
 .debug_line    0x0000000000000c95      0x34a ../hpl/core/hpl_core_m0plus_base.o
 .debug_line    0x0000000000000fdf      0x16d ../hal/utils/src/utils_assert.o
 .debug_line    0x000000000000114c      0x24e ../hpl/sysctrl/hpl_sysctrl.o
 .debug_line    0x000000000000139a      0x1da ../hpl/gclk/hpl_gclk.o
 .debug_line    0x0000000000001574      0x2be ../main.o
 .debug_line    0x0000000000001832      0x310 ../driver_init.o
 .debug_line    0x0000000000001b42      0x234 ../hal/src/hal_ext_irq.o
 .debug_line    0x0000000000001d76      0x16c ../atmel_start.o

.debug_str      0x0000000000000000     0x2fc2
 .debug_str     0x0000000000000000     0x1236 ../samd21a/gcc/gcc/startup_samd21.o
                                       0x1380 (size before relaxing)
 .debug_str     0x0000000000001236      0xb8b ../hpl/eic/hpl_eic.o
                                        0xdf7 (size before relaxing)
 .debug_str     0x0000000000001dc1       0x84 ../hal/src/hal_delay.o
                                        0x24a (size before relaxing)
 .debug_str     0x0000000000001e45      0x3da ../hpl/pm/hpl_pm.o
                                        0x64a (size before relaxing)
 .debug_str     0x000000000000221f       0xaf ../hpl/core/hpl_init.o
                                        0x407 (size before relaxing)
 .debug_str     0x00000000000022ce      0x111 ../hpl/core/hpl_core_m0plus_base.o
                                        0x5a7 (size before relaxing)
 .debug_str     0x00000000000023df       0x2f ../hal/utils/src/utils_assert.o
                                        0x1ed (size before relaxing)
 .debug_str     0x000000000000240e      0x501 ../hpl/sysctrl/hpl_sysctrl.o
                                        0x7b5 (size before relaxing)
 .debug_str     0x000000000000290f      0x12a ../hpl/gclk/hpl_gclk.o
                                        0x346 (size before relaxing)
 .debug_str     0x0000000000002a39      0x286 ../main.o
                                        0x4ca (size before relaxing)
 .debug_str     0x0000000000002cbf      0x289 ../driver_init.o
                                        0x7d7 (size before relaxing)
 .debug_str     0x0000000000002f48       0x69 ../hal/src/hal_ext_irq.o
                                        0x2d3 (size before relaxing)
 .debug_str     0x0000000000002fb1       0x11 ../atmel_start.o
                                        0x1d5 (size before relaxing)

.debug_frame    0x0000000000000000      0x504
 .debug_frame   0x0000000000000000       0x3c ../samd21a/gcc/gcc/startup_samd21.o
 .debug_frame   0x000000000000003c       0x90 ../hpl/eic/hpl_eic.o
 .debug_frame   0x00000000000000cc       0x68 ../hal/src/hal_delay.o
 .debug_frame   0x0000000000000134       0x40 ../hpl/pm/hpl_pm.o
 .debug_frame   0x0000000000000174       0x28 ../hpl/core/hpl_init.o
 .debug_frame   0x000000000000019c       0xfc ../hpl/core/hpl_core_m0plus_base.o
 .debug_frame   0x0000000000000298       0x20 ../hal/utils/src/utils_assert.o
 .debug_frame   0x00000000000002b8       0x30 ../hpl/sysctrl/hpl_sysctrl.o
 .debug_frame   0x00000000000002e8       0x30 ../hpl/gclk/hpl_gclk.o
 .debug_frame   0x0000000000000318       0x54 ../main.o
 .debug_frame   0x000000000000036c       0x44 ../driver_init.o
 .debug_frame   0x00000000000003b0       0xb8 ../hal/src/hal_ext_irq.o
 .debug_frame   0x0000000000000468       0x28 ../atmel_start.o
 .debug_frame   0x0000000000000490       0x20 /Users/margaret/opt/gnu-mcu-eclipse/arm-none-eabi-gcc/7.3.1-1.1-20180724-0637/bin/../lib/gcc/arm-none-eabi/7.3.1/thumb/v6-m/libgcc.a(_udivsi3.o)
 .debug_frame   0x00000000000004b0       0x28 /Users/margaret/opt/gnu-mcu-eclipse/arm-none-eabi-gcc/7.3.1-1.1-20180724-0637/bin/../lib/gcc/arm-none-eabi/7.3.1/thumb/v6-m/libgcc.a(_ffssi2.o)
 .debug_frame   0x00000000000004d8       0x2c /Users/margaret/opt/gnu-mcu-eclipse/arm-none-eabi-gcc/7.3.1-1.1-20180724-0637/bin/../lib/gcc/arm-none-eabi/7.3.1/../../../../arm-none-eabi/lib/thumb/v6-m/libc_nano.a(lib_a-init.o)
