Archive member included to satisfy reference by file (symbol)

/Users/margaret/arm_gcc/gcc-arm-none-eabi-7-2018-q2-update/bin/../lib/gcc/arm-none-eabi/7.3.1/thumb/v6-m/libgcc.a(_udivsi3.o)
                              ../hpl/core/hpl_core_m0plus_base.o (__aeabi_uidiv)
/Users/margaret/arm_gcc/gcc-arm-none-eabi-7-2018-q2-update/bin/../lib/gcc/arm-none-eabi/7.3.1/thumb/v6-m/libgcc.a(_dvmd_tls.o)
                              /Users/margaret/arm_gcc/gcc-arm-none-eabi-7-2018-q2-update/bin/../lib/gcc/arm-none-eabi/7.3.1/thumb/v6-m/libgcc.a(_udivsi3.o) (__aeabi_idiv0)
/Users/margaret/arm_gcc/gcc-arm-none-eabi-7-2018-q2-update/bin/../lib/gcc/arm-none-eabi/7.3.1/../../../../arm-none-eabi/lib/thumb/v6-m/libc_nano.a(lib_a-exit.o)
                              /Users/margaret/arm_gcc/gcc-arm-none-eabi-7-2018-q2-update/bin/../lib/gcc/arm-none-eabi/7.3.1/../../../../arm-none-eabi/lib/thumb/v6-m/crt0.o (exit)
/Users/margaret/arm_gcc/gcc-arm-none-eabi-7-2018-q2-update/bin/../lib/gcc/arm-none-eabi/7.3.1/../../../../arm-none-eabi/lib/thumb/v6-m/libc_nano.a(lib_a-impure.o)
                              /Users/margaret/arm_gcc/gcc-arm-none-eabi-7-2018-q2-update/bin/../lib/gcc/arm-none-eabi/7.3.1/../../../../arm-none-eabi/lib/thumb/v6-m/libc_nano.a(lib_a-exit.o) (_global_impure_ptr)
/Users/margaret/arm_gcc/gcc-arm-none-eabi-7-2018-q2-update/bin/../lib/gcc/arm-none-eabi/7.3.1/../../../../arm-none-eabi/lib/thumb/v6-m/libc_nano.a(lib_a-init.o)
                              /Users/margaret/arm_gcc/gcc-arm-none-eabi-7-2018-q2-update/bin/../lib/gcc/arm-none-eabi/7.3.1/../../../../arm-none-eabi/lib/thumb/v6-m/crt0.o (__libc_init_array)
/Users/margaret/arm_gcc/gcc-arm-none-eabi-7-2018-q2-update/bin/../lib/gcc/arm-none-eabi/7.3.1/../../../../arm-none-eabi/lib/thumb/v6-m/libc_nano.a(lib_a-memset.o)
                              /Users/margaret/arm_gcc/gcc-arm-none-eabi-7-2018-q2-update/bin/../lib/gcc/arm-none-eabi/7.3.1/../../../../arm-none-eabi/lib/thumb/v6-m/crt0.o (memset)
/Users/margaret/arm_gcc/gcc-arm-none-eabi-7-2018-q2-update/bin/../lib/gcc/arm-none-eabi/7.3.1/../../../../arm-none-eabi/lib/thumb/v6-m/libc_nano.a(lib_a-printf.o)
                              ../hal/utils/src/utils_syscalls.o (printf)
/Users/margaret/arm_gcc/gcc-arm-none-eabi-7-2018-q2-update/bin/../lib/gcc/arm-none-eabi/7.3.1/../../../../arm-none-eabi/lib/thumb/v6-m/libc_nano.a(lib_a-findfp.o)
                              /Users/margaret/arm_gcc/gcc-arm-none-eabi-7-2018-q2-update/bin/../lib/gcc/arm-none-eabi/7.3.1/../../../../arm-none-eabi/lib/thumb/v6-m/libc_nano.a(lib_a-printf.o) (__sinit)
/Users/margaret/arm_gcc/gcc-arm-none-eabi-7-2018-q2-update/bin/../lib/gcc/arm-none-eabi/7.3.1/../../../../arm-none-eabi/lib/thumb/v6-m/libc_nano.a(lib_a-fwalk.o)
                              /Users/margaret/arm_gcc/gcc-arm-none-eabi-7-2018-q2-update/bin/../lib/gcc/arm-none-eabi/7.3.1/../../../../arm-none-eabi/lib/thumb/v6-m/libc_nano.a(lib_a-findfp.o) (_fwalk)
/Users/margaret/arm_gcc/gcc-arm-none-eabi-7-2018-q2-update/bin/../lib/gcc/arm-none-eabi/7.3.1/../../../../arm-none-eabi/lib/thumb/v6-m/libc_nano.a(lib_a-nano-mallocr.o)
                              /Users/margaret/arm_gcc/gcc-arm-none-eabi-7-2018-q2-update/bin/../lib/gcc/arm-none-eabi/7.3.1/../../../../arm-none-eabi/lib/thumb/v6-m/libc_nano.a(lib_a-findfp.o) (_malloc_r)
/Users/margaret/arm_gcc/gcc-arm-none-eabi-7-2018-q2-update/bin/../lib/gcc/arm-none-eabi/7.3.1/../../../../arm-none-eabi/lib/thumb/v6-m/libc_nano.a(lib_a-nano-vfprintf.o)
                              /Users/margaret/arm_gcc/gcc-arm-none-eabi-7-2018-q2-update/bin/../lib/gcc/arm-none-eabi/7.3.1/../../../../arm-none-eabi/lib/thumb/v6-m/libc_nano.a(lib_a-printf.o) (_vfprintf_r)
/Users/margaret/arm_gcc/gcc-arm-none-eabi-7-2018-q2-update/bin/../lib/gcc/arm-none-eabi/7.3.1/../../../../arm-none-eabi/lib/thumb/v6-m/libc_nano.a(lib_a-nano-vfprintf_i.o)
                              /Users/margaret/arm_gcc/gcc-arm-none-eabi-7-2018-q2-update/bin/../lib/gcc/arm-none-eabi/7.3.1/../../../../arm-none-eabi/lib/thumb/v6-m/libc_nano.a(lib_a-nano-vfprintf.o) (_printf_i)
/Users/margaret/arm_gcc/gcc-arm-none-eabi-7-2018-q2-update/bin/../lib/gcc/arm-none-eabi/7.3.1/../../../../arm-none-eabi/lib/thumb/v6-m/libc_nano.a(lib_a-sbrkr.o)
                              /Users/margaret/arm_gcc/gcc-arm-none-eabi-7-2018-q2-update/bin/../lib/gcc/arm-none-eabi/7.3.1/../../../../arm-none-eabi/lib/thumb/v6-m/libc_nano.a(lib_a-nano-mallocr.o) (_sbrk_r)
/Users/margaret/arm_gcc/gcc-arm-none-eabi-7-2018-q2-update/bin/../lib/gcc/arm-none-eabi/7.3.1/../../../../arm-none-eabi/lib/thumb/v6-m/libc_nano.a(lib_a-stdio.o)
                              /Users/margaret/arm_gcc/gcc-arm-none-eabi-7-2018-q2-update/bin/../lib/gcc/arm-none-eabi/7.3.1/../../../../arm-none-eabi/lib/thumb/v6-m/libc_nano.a(lib_a-findfp.o) (__sread)
/Users/margaret/arm_gcc/gcc-arm-none-eabi-7-2018-q2-update/bin/../lib/gcc/arm-none-eabi/7.3.1/../../../../arm-none-eabi/lib/thumb/v6-m/libc_nano.a(lib_a-wbuf.o)
[...]
Memory Configuration

Name             Origin             Length             Attributes
rom              0x0000000000000000 0x0000000000040000 xr
ram              0x0000000020000000 0x0000000000008000 xrw
*default*        0x0000000000000000 0xffffffffffffffff

Linker script and memory map

LOAD /Users/margaret/arm_gcc/gcc-arm-none-eabi-7-2018-q2-update/bin/../lib/gcc/arm-none-eabi/7.3.1/thumb/v6-m/crti.o
LOAD /Users/margaret/arm_gcc/gcc-arm-none-eabi-7-2018-q2-update/bin/../lib/gcc/arm-none-eabi/7.3.1/thumb/v6-m/crtbegin.o
LOAD /Users/margaret/arm_gcc/gcc-arm-none-eabi-7-2018-q2-update/bin/../lib/gcc/arm-none-eabi/7.3.1/../../../../arm-none-eabi/lib/thumb/v6-m/crt0.o
LOAD ../hal/src/hal_io.o
LOAD ../hpl/systick/hpl_systick.o
LOAD ../samd21a/gcc/gcc/startup_samd21.o
LOAD ../hal/utils/src/utils_syscalls.o
LOAD ../hal/src/hal_delay.o
LOAD ../hpl/pm/hpl_pm.o
LOAD ../hpl/core/hpl_init.o
LOAD ../samd21a/gcc/system_samd21.o
LOAD ../hpl/core/hpl_core_m0plus_base.o
LOAD ../hal/utils/src/utils_assert.o
LOAD ../hpl/dmac/hpl_dmac.o
LOAD ../hpl/sysctrl/hpl_sysctrl.o
LOAD ../hpl/gclk/hpl_gclk.o
LOAD ../hal/src/hal_init.o
LOAD ../main.o
LOAD ../hal/utils/src/utils_list.o
LOAD ../examples/driver_examples.o
LOAD ../driver_init.o
LOAD ../hal/src/hal_gpio.o
LOAD ../hal/utils/src/utils_event.o
LOAD ../hal/src/hal_sleep.o
LOAD ../atmel_start.o
LOAD ../hal/src/hal_atomic.o
START GROUP
LOAD /Users/margaret/arm_gcc/gcc-arm-none-eabi-7-2018-q2-update/bin/../lib/gcc/arm-none-eabi/7.3.1/../../../../arm-none-eabi/lib/thumb/v6-m/libm.a
END GROUP
Address of section .text set to 0x2000
START GROUP
LOAD /Users/margaret/arm_gcc/gcc-arm-none-eabi-7-2018-q2-update/bin/../lib/gcc/arm-none-eabi/7.3.1/thumb/v6-m/libgcc.a
LOAD /Users/margaret/arm_gcc/gcc-arm-none-eabi-7-2018-q2-update/bin/../lib/gcc/arm-none-eabi/7.3.1/../../../../arm-none-eabi/lib/thumb/v6-m/libc_nano.a
END GROUP
START GROUP
LOAD /Users/margaret/arm_gcc/gcc-arm-none-eabi-7-2018-q2-update/bin/../lib/gcc/arm-none-eabi/7.3.1/thumb/v6-m/libgcc.a
LOAD /Users/margaret/arm_gcc/gcc-arm-none-eabi-7-2018-q2-update/bin/../lib/gcc/arm-none-eabi/7.3.1/../../../../arm-none-eabi/lib/thumb/v6-m/libc_nano.a
END GROUP
LOAD /Users/margaret/arm_gcc/gcc-arm-none-eabi-7-2018-q2-update/bin/../lib/gcc/arm-none-eabi/7.3.1/thumb/v6-m/crtend.o
LOAD /Users/margaret/arm_gcc/gcc-arm-none-eabi-7-2018-q2-update/bin/../lib/gcc/arm-none-eabi/7.3.1/thumb/v6-m/crtn.o
                0x0000000000002000                STACK_SIZE = DEFINED (STACK_SIZE)?STACK_SIZE:DEFINED (__stack_size__)?__stack_size__:0x2000

.text           0x0000000000002000      0x424
                0x0000000000002000                . = ALIGN (0x4)
                0x0000000000002000                _sfixed = .
 *(.vectors .vectors.*)
 .vectors       0x0000000000002000       0xb4 ../samd21a/gcc/gcc/startup_samd21.o
                0x0000000000002000                exception_table
 *(.text .text.* .gnu.linkonce.t.*)
 .text          0x00000000000020b4       0x48 /Users/margaret/arm_gcc/gcc-arm-none-eabi-7-2018-q2-update/bin/../lib/gcc/arm-none-eabi/7.3.1/thumb/v6-m/crtbegin.o
 .text._delay_init
                0x00000000000020fc       0x14 ../hpl/systick/hpl_systick.o
                0x00000000000020fc                _delay_init
 .text._delay_cycles
                0x0000000000002110       0x40 ../hpl/systick/hpl_systick.o
                0x0000000000002110                _delay_cycles
 .text.Dummy_Handler
                0x0000000000002150        0x2 ../samd21a/gcc/gcc/startup_samd21.o
                0x0000000000002150                SYSCTRL_Handler
                0x0000000000002150                DMAC_Handler
                0x0000000000002150                HardFault_Handler
                0x0000000000002150                AC_Handler
                0x0000000000002150                SysTick_Handler
                0x0000000000002150                PendSV_Handler
                0x0000000000002150                SERCOM1_Handler
                0x0000000000002150                ADC_Handler
                0x0000000000002150                NonMaskableInt_Handler
                0x0000000000002150                TCC1_Handler
                0x0000000000002150                SERCOM2_Handler
                0x0000000000002150                TCC0_Handler
                0x0000000000002150                RTC_Handler
                0x0000000000002150                EIC_Handler
                0x0000000000002150                WDT_Handler
                0x0000000000002150                TC4_Handler
                0x0000000000002150                USB_Handler
                0x0000000000002150                TC3_Handler
                0x0000000000002150                Dummy_Handler
                0x0000000000002150                PM_Handler
                0x0000000000002150                SERCOM5_Handler
                0x0000000000002150                TCC2_Handler
                0x0000000000002150                EVSYS_Handler
                0x0000000000002150                SERCOM3_Handler
                0x0000000000002150                SERCOM4_Handler
                0x0000000000002150                I2S_Handler
                0x0000000000002150                NVMCTRL_Handler
                0x0000000000002150                SERCOM0_Handler
                0x0000000000002150                DAC_Handler
                0x0000000000002150                PTC_Handler
                0x0000000000002150                TC5_Handler
                0x0000000000002150                SVCall_Handler
 *fill*         0x0000000000002152        0x2 
 .text.Reset_Handler
                0x0000000000002154       0xbc ../samd21a/gcc/gcc/startup_samd21.o
                0x0000000000002154                Reset_Handler
 .text.delay_init
                0x0000000000002210       0x14 ../hal/src/hal_delay.o
                0x0000000000002210                delay_init
 .text.delay_ms
                0x0000000000002224       0x20 ../hal/src/hal_delay.o
                0x0000000000002224                delay_ms
 .text._pm_init
                0x0000000000002244       0x20 ../hpl/pm/hpl_pm.o
                0x0000000000002244                _pm_init
 .text._init_chip
                0x0000000000002264       0x34 ../hpl/core/hpl_init.o
                0x0000000000002264                _init_chip
 .text._get_cycles_for_ms
                0x0000000000002298        0x8 ../hpl/core/hpl_core_m0plus_base.o
                0x0000000000002298                _get_cycles_for_ms
 .text._sysctrl_init_sources
                0x00000000000022a0       0x40 ../hpl/sysctrl/hpl_sysctrl.o
                0x00000000000022a0                _sysctrl_init_sources
 .text._sysctrl_init_referenced_generators
                0x00000000000022e0       0x10 ../hpl/sysctrl/hpl_sysctrl.o
                0x00000000000022e0                _sysctrl_init_referenced_generators
 .text._gclk_init_generators_by_fref
                0x00000000000022f0       0x20 ../hpl/gclk/hpl_gclk.o
                0x00000000000022f0                _gclk_init_generators_by_fref
 .text.gpio_toggle_pin_level
                0x0000000000002310       0x16 ../main.o
 *fill*         0x0000000000002326        0x2 
 .text.main     0x0000000000002328       0x34 ../main.o
                0x0000000000002328                main
 .text.delay_driver_init
                0x000000000000235c       0x14 ../driver_init.o
                0x000000000000235c                delay_driver_init
 .text.system_init
                0x0000000000002370       0x40 ../driver_init.o
                0x0000000000002370                system_init
 .text.atmel_start_init
                0x00000000000023b0        0xc ../atmel_start.o
                0x00000000000023b0                atmel_start_init
 .text.__libc_init_array
                0x00000000000023bc       0x48 /Users/margaret/arm_gcc/gcc-arm-none-eabi-7-2018-q2-update/bin/../lib/gcc/arm-none-eabi/7.3.1/../../../../arm-none-eabi/lib/thumb/v6-m/libc_nano.a(lib_a-init.o)
                0x00000000000023bc                __libc_init_array
 *(.glue_7t)
 .glue_7t       0x0000000000002404        0x0 linker stubs
 *(.glue_7)
 .glue_7        0x0000000000002404        0x0 linker stubs
 *(.rodata .rodata* .gnu.linkonce.r.*)
 *(.ARM.extab* .gnu.linkonce.armextab.*)
                0x0000000000002404                . = ALIGN (0x4)
 *(.init)
 .init          0x0000000000002404        0x4 /Users/margaret/arm_gcc/gcc-arm-none-eabi-7-2018-q2-update/bin/../lib/gcc/arm-none-eabi/7.3.1/thumb/v6-m/crti.o
                0x0000000000002404                _init
 .init          0x0000000000002408        0x8 /Users/margaret/arm_gcc/gcc-arm-none-eabi-7-2018-q2-update/bin/../lib/gcc/arm-none-eabi/7.3.1/thumb/v6-m/crtn.o
                0x0000000000002410                . = ALIGN (0x4)
                0x0000000000002410                __preinit_array_start = .
 *(.preinit_array)
                0x0000000000002410                __preinit_array_end = .
                0x0000000000002410                . = ALIGN (0x4)
                0x0000000000002410                __init_array_start = .
 *(SORT_BY_NAME(.init_array.*))
 *(.init_array)
 .init_array    0x0000000000002410        0x4 /Users/margaret/arm_gcc/gcc-arm-none-eabi-7-2018-q2-update/bin/../lib/gcc/arm-none-eabi/7.3.1/thumb/v6-m/crtbegin.o
                0x0000000000002414                __init_array_end = .
                0x0000000000002414                . = ALIGN (0x4)
 *crtbegin.o(.ctors)
 *(EXCLUDE_FILE(*crtend.o) .ctors)
 *(SORT_BY_NAME(.ctors.*))
 *crtend.o(.ctors)
                0x0000000000002414                . = ALIGN (0x4)
 *(.fini)
 .fini          0x0000000000002414        0x4 /Users/margaret/arm_gcc/gcc-arm-none-eabi-7-2018-q2-update/bin/../lib/gcc/arm-none-eabi/7.3.1/thumb/v6-m/crti.o
                0x0000000000002414                _fini
 .fini          0x0000000000002418        0x8 /Users/margaret/arm_gcc/gcc-arm-none-eabi-7-2018-q2-update/bin/../lib/gcc/arm-none-eabi/7.3.1/thumb/v6-m/crtn.o
                0x0000000000002420                . = ALIGN (0x4)
                0x0000000000002420                __fini_array_start = .
 *(.fini_array)
 .fini_array    0x0000000000002420        0x4 /Users/margaret/arm_gcc/gcc-arm-none-eabi-7-2018-q2-update/bin/../lib/gcc/arm-none-eabi/7.3.1/thumb/v6-m/crtbegin.o
 *(SORT_BY_NAME(.fini_array.*))
                0x0000000000002424                __fini_array_end = .
 *crtbegin.o(.dtors)
 *(EXCLUDE_FILE(*crtend.o) .dtors)
 *(SORT_BY_NAME(.dtors.*))
 *crtend.o(.dtors)
                0x0000000000002424                . = ALIGN (0x4)
                0x0000000000002424                _efixed = .
                [!provide]                        PROVIDE (__exidx_start = .)

.vfp11_veneer   0x0000000000002424        0x0
 .vfp11_veneer  0x0000000000002424        0x0 linker stubs

.v4_bx          0x0000000000002424        0x0
 .v4_bx         0x0000000000002424        0x0 linker stubs

.iplt           0x0000000000002424        0x0
 .iplt          0x0000000000002424        0x0 /Users/margaret/arm_gcc/gcc-arm-none-eabi-7-2018-q2-update/bin/../lib/gcc/arm-none-eabi/7.3.1/thumb/v6-m/crtbegin.o

.igot.plt       0x0000000000002424        0x0
 .igot.plt      0x0000000000002424        0x0 /Users/margaret/arm_gcc/gcc-arm-none-eabi-7-2018-q2-update/bin/../lib/gcc/arm-none-eabi/7.3.1/thumb/v6-m/crtbegin.o

.eh_frame       0x0000000000002424        0x0
 .eh_frame      0x0000000000002424        0x0 /Users/margaret/arm_gcc/gcc-arm-none-eabi-7-2018-q2-update/bin/../lib/gcc/arm-none-eabi/7.3.1/thumb/v6-m/crtbegin.o

.rel.dyn        0x0000000000002424        0x0
 .rel.iplt      0x0000000000002424        0x0 /Users/margaret/arm_gcc/gcc-arm-none-eabi-7-2018-q2-update/bin/../lib/gcc/arm-none-eabi/7.3.1/thumb/v6-m/crtbegin.o

.ARM.exidx
 *(.ARM.exidx* .gnu.linkonce.armexidx.*)
                [!provide]                        PROVIDE (__exidx_end = .)
                0x0000000000002424                . = ALIGN (0x4)
                0x0000000000002424                _etext = .

.relocate       0x0000000020000000        0x0 load address 0x0000000000002424
                0x0000000020000000                . = ALIGN (0x4)
                0x0000000020000000                _srelocate = .
 *(.ramfunc .ramfunc.*)
 *(.data .data.*)
                0x0000000020000000                . = ALIGN (0x4)
                0x0000000020000000                _erelocate = .

.bss            0x0000000020000000       0x20
                0x0000000020000000                . = ALIGN (0x4)
                0x0000000020000000                _sbss = .
                0x0000000020000000                _szero = .
 *(.bss .bss.*)
 .bss           0x0000000020000000       0x1c /Users/margaret/arm_gcc/gcc-arm-none-eabi-7-2018-q2-update/bin/../lib/gcc/arm-none-eabi/7.3.1/thumb/v6-m/crtbegin.o
 .bss           0x000000002000001c        0x4 ../hal/src/hal_delay.o
 *(COMMON)
                0x0000000020000020                . = ALIGN (0x4)
                0x0000000020000020                _ebss = .
                0x0000000020000020                _ezero = .

.stack          0x0000000020000020     0x2000
                0x0000000020000020                . = ALIGN (0x8)
                0x0000000020000020                _sstack = .
                0x0000000020002020                . = (. + STACK_SIZE)
 *fill*         0x0000000020000020     0x2000 
                0x0000000020002020                . = ALIGN (0x8)
                0x0000000020002020                _estack = .
                0x0000000020002020                . = ALIGN (0x4)
                0x0000000020002020                _end = .
OUTPUT(AtmelStart.elf elf32-littlearm)

.ARM.attributes
                0x0000000000000000       0x28
 .ARM.attributes
                0x0000000000000000       0x1e /Users/margaret/arm_gcc/gcc-arm-none-eabi-7-2018-q2-update/bin/../lib/gcc/arm-none-eabi/7.3.1/thumb/v6-m/crti.o
 .ARM.attributes
                0x000000000000001e       0x2c /Users/margaret/arm_gcc/gcc-arm-none-eabi-7-2018-q2-update/bin/../lib/gcc/arm-none-eabi/7.3.1/thumb/v6-m/crtbegin.o
 .ARM.attributes
                0x000000000000004a       0x32 ../hpl/systick/hpl_systick.o
 .ARM.attributes
                0x000000000000007c       0x32 ../samd21a/gcc/gcc/startup_samd21.o
 .ARM.attributes
                0x00000000000000ae       0x32 ../hal/src/hal_delay.o
 .ARM.attributes
                0x00000000000000e0       0x32 ../hpl/pm/hpl_pm.o
 .ARM.attributes
                0x0000000000000112       0x32 ../hpl/core/hpl_init.o
 .ARM.attributes
                0x0000000000000144       0x32 ../hpl/core/hpl_core_m0plus_base.o
 .ARM.attributes
                0x0000000000000176       0x32 ../hpl/sysctrl/hpl_sysctrl.o
 .ARM.attributes
                0x00000000000001a8       0x32 ../hpl/gclk/hpl_gclk.o
 .ARM.attributes
                0x00000000000001da       0x32 ../main.o
 .ARM.attributes
                0x000000000000020c       0x32 ../driver_init.o
 .ARM.attributes
                0x000000000000023e       0x32 ../atmel_start.o
 .ARM.attributes
                0x0000000000000270       0x2c /Users/margaret/arm_gcc/gcc-arm-none-eabi-7-2018-q2-update/bin/../lib/gcc/arm-none-eabi/7.3.1/../../../../arm-none-eabi/lib/thumb/v6-m/libc_nano.a(lib_a-init.o)
 .ARM.attributes
                0x000000000000029c       0x1e /Users/margaret/arm_gcc/gcc-arm-none-eabi-7-2018-q2-update/bin/../lib/gcc/arm-none-eabi/7.3.1/thumb/v6-m/crtn.o

.comment        0x0000000000000000       0x7f
 .comment       0x0000000000000000       0x7f ../hpl/systick/hpl_systick.o
                                         0x80 (size before relaxing)
 .comment       0x000000000000007f       0x80 ../samd21a/gcc/gcc/startup_samd21.o
 .comment       0x000000000000007f       0x80 ../hal/src/hal_delay.o
 .comment       0x000000000000007f       0x80 ../hpl/pm/hpl_pm.o
 .comment       0x000000000000007f       0x80 ../hpl/core/hpl_init.o
 .comment       0x000000000000007f       0x80 ../hpl/core/hpl_core_m0plus_base.o
 .comment       0x000000000000007f       0x80 ../hpl/sysctrl/hpl_sysctrl.o
 .comment       0x000000000000007f       0x80 ../hpl/gclk/hpl_gclk.o
 .comment       0x000000000000007f       0x80 ../main.o
 .comment       0x000000000000007f       0x80 ../driver_init.o
 .comment       0x000000000000007f       0x80 ../atmel_start.o

.debug_info     0x0000000000000000     0x7f6a
 .debug_info    0x0000000000000000      0x21f ../hpl/systick/hpl_systick.o
 .debug_info    0x000000000000021f     0x35c7 ../samd21a/gcc/gcc/startup_samd21.o
 .debug_info    0x00000000000037e6      0x1b0 ../hal/src/hal_delay.o
 .debug_info    0x0000000000003996      0xba6 ../hpl/pm/hpl_pm.o
 .debug_info    0x000000000000453c      0x621 ../hpl/core/hpl_init.o
 .debug_info    0x0000000000004b5d      0x770 ../hpl/core/hpl_core_m0plus_base.o
 .debug_info    0x00000000000052cd     0x1283 ../hpl/sysctrl/hpl_sysctrl.o
 .debug_info    0x0000000000006550      0x49b ../hpl/gclk/hpl_gclk.o
 .debug_info    0x00000000000069eb      0x806 ../main.o
 .debug_info    0x00000000000071f1      0xcc2 ../driver_init.o
 .debug_info    0x0000000000007eb3       0xb7 ../atmel_start.o

.debug_abbrev   0x0000000000000000     0x1467
 .debug_abbrev  0x0000000000000000      0x15f ../hpl/systick/hpl_systick.o
 .debug_abbrev  0x000000000000015f      0x25b ../samd21a/gcc/gcc/startup_samd21.o
 .debug_abbrev  0x00000000000003ba       0xdb ../hal/src/hal_delay.o
 .debug_abbrev  0x0000000000000495      0x22e ../hpl/pm/hpl_pm.o
 .debug_abbrev  0x00000000000006c3      0x1d3 ../hpl/core/hpl_init.o
 .debug_abbrev  0x0000000000000896      0x290 ../hpl/core/hpl_core_m0plus_base.o
 .debug_abbrev  0x0000000000000b26      0x215 ../hpl/sysctrl/hpl_sysctrl.o
 .debug_abbrev  0x0000000000000d3b      0x1b5 ../hpl/gclk/hpl_gclk.o
 .debug_abbrev  0x0000000000000ef0      0x24a ../main.o
 .debug_abbrev  0x000000000000113a      0x2af ../driver_init.o
 .debug_abbrev  0x00000000000013e9       0x7e ../atmel_start.o

.debug_loc      0x0000000000000000      0x800
 .debug_loc     0x0000000000000000       0xcb ../hpl/systick/hpl_systick.o
 .debug_loc     0x00000000000000cb       0x2b ../samd21a/gcc/gcc/startup_samd21.o
 .debug_loc     0x00000000000000f6       0x63 ../hal/src/hal_delay.o
 .debug_loc     0x0000000000000159      0x10d ../hpl/pm/hpl_pm.o
 .debug_loc     0x0000000000000266       0x2c ../hpl/core/hpl_init.o
 .debug_loc     0x0000000000000292      0x197 ../hpl/core/hpl_core_m0plus_base.o
 .debug_loc     0x0000000000000429       0xe8 ../hpl/sysctrl/hpl_sysctrl.o
 .debug_loc     0x0000000000000511       0xea ../hpl/gclk/hpl_gclk.o
 .debug_loc     0x00000000000005fb       0xb7 ../main.o
 .debug_loc     0x00000000000006b2      0x14e ../driver_init.o

.debug_aranges  0x0000000000000000      0x220
 .debug_aranges
                0x0000000000000000       0x40 ../hpl/systick/hpl_systick.o
 .debug_aranges
                0x0000000000000040       0x28 ../samd21a/gcc/gcc/startup_samd21.o
 .debug_aranges
                0x0000000000000068       0x38 ../hal/src/hal_delay.o
 .debug_aranges
                0x00000000000000a0       0x30 ../hpl/pm/hpl_pm.o
 .debug_aranges
                0x00000000000000d0       0x20 ../hpl/core/hpl_init.o
 .debug_aranges
                0x00000000000000f0       0x70 ../hpl/core/hpl_core_m0plus_base.o
 .debug_aranges
                0x0000000000000160       0x28 ../hpl/sysctrl/hpl_sysctrl.o
 .debug_aranges
                0x0000000000000188       0x28 ../hpl/gclk/hpl_gclk.o
 .debug_aranges
                0x00000000000001b0       0x28 ../main.o
 .debug_aranges
                0x00000000000001d8       0x28 ../driver_init.o
 .debug_aranges
                0x0000000000000200       0x20 ../atmel_start.o

.debug_ranges   0x0000000000000000      0x2a0
 .debug_ranges  0x0000000000000000       0x30 ../hpl/systick/hpl_systick.o
 .debug_ranges  0x0000000000000030       0x18 ../samd21a/gcc/gcc/startup_samd21.o
 .debug_ranges  0x0000000000000048       0x28 ../hal/src/hal_delay.o
 .debug_ranges  0x0000000000000070       0x50 ../hpl/pm/hpl_pm.o
 .debug_ranges  0x00000000000000c0       0x30 ../hpl/core/hpl_init.o
 .debug_ranges  0x00000000000000f0       0x80 ../hpl/core/hpl_core_m0plus_base.o
 .debug_ranges  0x0000000000000170       0x68 ../hpl/sysctrl/hpl_sysctrl.o
 .debug_ranges  0x00000000000001d8       0x18 ../hpl/gclk/hpl_gclk.o
 .debug_ranges  0x00000000000001f0       0x18 ../main.o
 .debug_ranges  0x0000000000000208       0x88 ../driver_init.o
 .debug_ranges  0x0000000000000290       0x10 ../atmel_start.o

.debug_line     0x0000000000000000     0x1643
 .debug_line    0x0000000000000000      0x1f3 ../hpl/systick/hpl_systick.o
 .debug_line    0x00000000000001f3      0x1ff ../samd21a/gcc/gcc/startup_samd21.o
 .debug_line    0x00000000000003f2      0x195 ../hal/src/hal_delay.o
 .debug_line    0x0000000000000587      0x22a ../hpl/pm/hpl_pm.o
 .debug_line    0x00000000000007b1      0x1f6 ../hpl/core/hpl_init.o
 .debug_line    0x00000000000009a7      0x2f8 ../hpl/core/hpl_core_m0plus_base.o
 .debug_line    0x0000000000000c9f      0x228 ../hpl/sysctrl/hpl_sysctrl.o
 .debug_line    0x0000000000000ec7      0x1b4 ../hpl/gclk/hpl_gclk.o
 .debug_line    0x000000000000107b      0x217 ../main.o
 .debug_line    0x0000000000001292      0x26b ../driver_init.o
 .debug_line    0x00000000000014fd      0x146 ../atmel_start.o

.debug_str      0x0000000000000000     0x258b
 .debug_str     0x0000000000000000      0x22f ../hpl/systick/hpl_systick.o
                                        0x280 (size before relaxing)
 .debug_str     0x000000000000022f     0x10bd ../samd21a/gcc/gcc/startup_samd21.o
                                       0x1387 (size before relaxing)
 .debug_str     0x00000000000012ec       0x6a ../hal/src/hal_delay.o
                                        0x251 (size before relaxing)
 .debug_str     0x0000000000001356      0x3e9 ../hpl/pm/hpl_pm.o
                                        0x651 (size before relaxing)
 .debug_str     0x000000000000173f       0xaf ../hpl/core/hpl_init.o
                                        0x40e (size before relaxing)
 .debug_str     0x00000000000017ee      0x345 ../hpl/core/hpl_core_m0plus_base.o
                                        0x58d (size before relaxing)
 .debug_str     0x0000000000001b33      0x506 ../hpl/sysctrl/hpl_sysctrl.o
                                        0x7bc (size before relaxing)
 .debug_str     0x0000000000002039      0x12a ../hpl/gclk/hpl_gclk.o
                                        0x34d (size before relaxing)
 .debug_str     0x0000000000002163      0x220 ../main.o
                                        0x42a (size before relaxing)
 .debug_str     0x0000000000002383      0x1f7 ../driver_init.o
                                        0x62b (size before relaxing)
 .debug_str     0x000000000000257a       0x11 ../atmel_start.o
                                        0x1dc (size before relaxing)

.debug_frame    0x0000000000000000      0x390
 .debug_frame   0x0000000000000000       0x7c ../hpl/systick/hpl_systick.o
 .debug_frame   0x000000000000007c       0x3c ../samd21a/gcc/gcc/startup_samd21.o
 .debug_frame   0x00000000000000b8       0x68 ../hal/src/hal_delay.o
 .debug_frame   0x0000000000000120       0x40 ../hpl/pm/hpl_pm.o
 .debug_frame   0x0000000000000160       0x28 ../hpl/core/hpl_init.o
 .debug_frame   0x0000000000000188       0xd4 ../hpl/core/hpl_core_m0plus_base.o
 .debug_frame   0x000000000000025c       0x30 ../hpl/sysctrl/hpl_sysctrl.o
 .debug_frame   0x000000000000028c       0x30 ../hpl/gclk/hpl_gclk.o
 .debug_frame   0x00000000000002bc       0x40 ../main.o
 .debug_frame   0x00000000000002fc       0x40 ../driver_init.o
 .debug_frame   0x000000000000033c       0x28 ../atmel_start.o
 .debug_frame   0x0000000000000364       0x2c /Users/margaret/arm_gcc/gcc-arm-none-eabi-7-2018-q2-update/bin/../lib/gcc/arm-none-eabi/7.3.1/../../../../arm-none-eabi/lib/thumb/v6-m/libc_nano.a(lib_a-init.o)
