Archive member included to satisfy reference by file (symbol)

/Users/margaret/arm_gcc/gcc-arm-none-eabi-7-2018-q2-update/bin/../lib/gcc/arm-none-eabi/7.3.1/thumb/v6-m/libgcc.a(_udivsi3.o)
                              ../hpl/core/hpl_core_m0plus_base.o (__aeabi_uidiv)
/Users/margaret/arm_gcc/gcc-arm-none-eabi-7-2018-q2-update/bin/../lib/gcc/arm-none-eabi/7.3.1/thumb/v6-m/libgcc.a(_divsi3.o)
                              ../hpl/core/hpl_core_m0plus_base.o (__aeabi_idiv)
/Users/margaret/arm_gcc/gcc-arm-none-eabi-7-2018-q2-update/bin/../lib/gcc/arm-none-eabi/7.3.1/thumb/v6-m/libgcc.a(_dvmd_tls.o)
                              /Users/margaret/arm_gcc/gcc-arm-none-eabi-7-2018-q2-update/bin/../lib/gcc/arm-none-eabi/7.3.1/thumb/v6-m/libgcc.a(_udivsi3.o) (__aeabi_idiv0)
/Users/margaret/arm_gcc/gcc-arm-none-eabi-7-2018-q2-update/bin/../lib/gcc/arm-none-eabi/7.3.1/../../../../arm-none-eabi/lib/thumb/v6-m/libc_nano.a(lib_a-exit.o)
                              /Users/margaret/arm_gcc/gcc-arm-none-eabi-7-2018-q2-update/bin/../lib/gcc/arm-none-eabi/7.3.1/../../../../arm-none-eabi/lib/thumb/v6-m/crt0.o (exit)
/Users/margaret/arm_gcc/gcc-arm-none-eabi-7-2018-q2-update/bin/../lib/gcc/arm-none-eabi/7.3.1/../../../../arm-none-eabi/lib/thumb/v6-m/libc_nano.a(lib_a-impure.o)
                              /Users/margaret/arm_gcc/gcc-arm-none-eabi-7-2018-q2-update/bin/../lib/gcc/arm-none-eabi/7.3.1/../../../../arm-none-eabi/lib/thumb/v6-m/libc_nano.a(lib_a-exit.o) (_global_impure_ptr)
/Users/margaret/arm_gcc/gcc-arm-none-eabi-7-2018-q2-update/bin/../lib/gcc/arm-none-eabi/7.3.1/../../../../arm-none-eabi/lib/thumb/v6-m/libc_nano.a(lib_a-init.o)
                              /Users/margaret/arm_gcc/gcc-arm-none-eabi-7-2018-q2-update/bin/../lib/gcc/arm-none-eabi/7.3.1/../../../../arm-none-eabi/lib/thumb/v6-m/crt0.o (__libc_init_array)
/Users/margaret/arm_gcc/gcc-arm-none-eabi-7-2018-q2-update/bin/../lib/gcc/arm-none-eabi/7.3.1/../../../../arm-none-eabi/lib/thumb/v6-m/libc_nano.a(lib_a-memset.o)
                              /Users/margaret/arm_gcc/gcc-arm-none-eabi-7-2018-q2-update/bin/../lib/gcc/arm-none-eabi/7.3.1/../../../../arm-none-eabi/lib/thumb/v6-m/crt0.o (memset)
/Users/margaret/arm_gcc/gcc-arm-none-eabi-7-2018-q2-update/bin/../lib/gcc/arm-none-eabi/7.3.1/../../../../arm-none-eabi/lib/thumb/v6-m/libc_nano.a(lib_a-printf.o)
                              ../hal/utils/src/utils_syscalls.o (printf)
/Users/margaret/arm_gcc/gcc-arm-none-eabi-7-2018-q2-update/bin/../lib/gcc/arm-none-eabi/7.3.1/../../../../arm-none-eabi/lib/thumb/v6-m/libc_nano.a(lib_a-findfp.o)
                              /Users/margaret/arm_gcc/gcc-arm-none-eabi-7-2018-q2-update/bin/../lib/gcc/arm-none-eabi/7.3.1/../../../../arm-none-eabi/lib/thumb/v6-m/libc_nano.a(lib_a-printf.o) (__sinit)
/Users/margaret/arm_gcc/gcc-arm-none-eabi-7-2018-q2-update/bin/../lib/gcc/arm-none-eabi/7.3.1/../../../../arm-none-eabi/lib/thumb/v6-m/libc_nano.a(lib_a-fwalk.o)
                              /Users/margaret/arm_gcc/gcc-arm-none-eabi-7-2018-q2-update/bin/../lib/gcc/arm-none-eabi/7.3.1/../../../../arm-none-eabi/lib/thumb/v6-m/libc_nano.a(lib_a-findfp.o) (_fwalk)
/Users/margaret/arm_gcc/gcc-arm-none-eabi-7-2018-q2-update/bin/../lib/gcc/arm-none-eabi/7.3.1/../../../../arm-none-eabi/lib/thumb/v6-m/libc_nano.a(lib_a-nano-mallocr.o)
                              /Users/margaret/arm_gcc/gcc-arm-none-eabi-7-2018-q2-update/bin/../lib/gcc/arm-none-eabi/7.3.1/../../../../arm-none-eabi/lib/thumb/v6-m/libc_nano.a(lib_a-findfp.o) (_malloc_r)
/Users/margaret/arm_gcc/gcc-arm-none-eabi-7-2018-q2-update/bin/../lib/gcc/arm-none-eabi/7.3.1/../../../../arm-none-eabi/lib/thumb/v6-m/libc_nano.a(lib_a-nano-vfprintf.o)
                              /Users/margaret/arm_gcc/gcc-arm-none-eabi-7-2018-q2-update/bin/../lib/gcc/arm-none-eabi/7.3.1/../../../../arm-none-eabi/lib/thumb/v6-m/libc_nano.a(lib_a-printf.o) (_vfprintf_r)
/Users/margaret/arm_gcc/gcc-arm-none-eabi-7-2018-q2-update/bin/../lib/gcc/arm-none-eabi/7.3.1/../../../../arm-none-eabi/lib/thumb/v6-m/libc_nano.a(lib_a-nano-vfprintf_i.o)
                              /Users/margaret/arm_gcc/gcc-arm-none-eabi-7-2018-q2-update/bin/../lib/gcc/arm-none-eabi/7.3.1/../../../../arm-none-eabi/lib/thumb/v6-m/libc_nano.a(lib_a-nano-vfprintf.o) (_printf_i)
/Users/margaret/arm_gcc/gcc-arm-none-eabi-7-2018-q2-update/bin/../lib/gcc/arm-none-eabi/7.3.1/../../../../arm-none-eabi/lib/thumb/v6-m/libc_nano.a(lib_a-sbrkr.o)
                              /Users/margaret/arm_gcc/gcc-arm-none-eabi-7-2018-q2-update/bin/../lib/gcc/arm-none-eabi/7.3.1/../../../../arm-none-eabi/lib/thumb/v6-m/libc_nano.a(lib_a-nano-mallocr.o) (_sbrk_r)
/Users/margaret/arm_gcc/gcc-arm-none-eabi-7-2018-q2-update/bin/../lib/gcc/arm-none-eabi/7.3.1/../../../../arm-none-eabi/lib/thumb/v6-m/libc_nano.a(lib_a-stdio.o)
[...]
Memory Configuration

Name             Origin             Length             Attributes
rom              0x0000000000000000 0x0000000000040000 xr
ram              0x0000000020000000 0x0000000000008000 xrw
*default*        0x0000000000000000 0xffffffffffffffff

Linker script and memory map

LOAD /Users/margaret/arm_gcc/gcc-arm-none-eabi-7-2018-q2-update/bin/../lib/gcc/arm-none-eabi/7.3.1/thumb/v6-m/crti.o
LOAD /Users/margaret/arm_gcc/gcc-arm-none-eabi-7-2018-q2-update/bin/../lib/gcc/arm-none-eabi/7.3.1/thumb/v6-m/crtbegin.o
LOAD /Users/margaret/arm_gcc/gcc-arm-none-eabi-7-2018-q2-update/bin/../lib/gcc/arm-none-eabi/7.3.1/../../../../arm-none-eabi/lib/thumb/v6-m/crt0.o
LOAD ../hal/src/hal_io.o
LOAD ../samd21a/gcc/gcc/startup_samd21.o
LOAD ../hal/utils/src/utils_syscalls.o
LOAD ../hal/src/hal_delay.o
LOAD ../hpl/pm/hpl_pm.o
LOAD ../hpl/core/hpl_init.o
LOAD ../samd21a/gcc/system_samd21.o
LOAD ../hpl/core/hpl_core_m0plus_base.o
LOAD ../hal/utils/src/utils_assert.o
LOAD ../hpl/dmac/hpl_dmac.o
LOAD ../hpl/sysctrl/hpl_sysctrl.o
LOAD ../hpl/gclk/hpl_gclk.o
LOAD ../hal/src/hal_init.o
LOAD ../main.o
LOAD ../hal/utils/src/utils_list.o
LOAD ../examples/driver_examples.o
LOAD ../driver_init.o
LOAD ../hal/src/hal_gpio.o
LOAD ../hal/utils/src/utils_event.o
LOAD ../hal/src/hal_sleep.o
LOAD ../atmel_start.o
LOAD ../hal/src/hal_atomic.o
START GROUP
LOAD /Users/margaret/arm_gcc/gcc-arm-none-eabi-7-2018-q2-update/bin/../lib/gcc/arm-none-eabi/7.3.1/../../../../arm-none-eabi/lib/thumb/v6-m/libm.a
END GROUP
START GROUP
LOAD /Users/margaret/arm_gcc/gcc-arm-none-eabi-7-2018-q2-update/bin/../lib/gcc/arm-none-eabi/7.3.1/thumb/v6-m/libgcc.a
LOAD /Users/margaret/arm_gcc/gcc-arm-none-eabi-7-2018-q2-update/bin/../lib/gcc/arm-none-eabi/7.3.1/../../../../arm-none-eabi/lib/thumb/v6-m/libc_nano.a
END GROUP
START GROUP
LOAD /Users/margaret/arm_gcc/gcc-arm-none-eabi-7-2018-q2-update/bin/../lib/gcc/arm-none-eabi/7.3.1/thumb/v6-m/libgcc.a
LOAD /Users/margaret/arm_gcc/gcc-arm-none-eabi-7-2018-q2-update/bin/../lib/gcc/arm-none-eabi/7.3.1/../../../../arm-none-eabi/lib/thumb/v6-m/libc_nano.a
END GROUP
LOAD /Users/margaret/arm_gcc/gcc-arm-none-eabi-7-2018-q2-update/bin/../lib/gcc/arm-none-eabi/7.3.1/thumb/v6-m/crtend.o
LOAD /Users/margaret/arm_gcc/gcc-arm-none-eabi-7-2018-q2-update/bin/../lib/gcc/arm-none-eabi/7.3.1/thumb/v6-m/crtn.o
                0x0000000000002000                STACK_SIZE = DEFINED (STACK_SIZE)?STACK_SIZE:DEFINED (__stack_size__)?__stack_size__:0x2000

.text           0x0000000000000000      0x320
                0x0000000000000000                . = ALIGN (0x4)
                0x0000000000000000                _sfixed = .
 *(.vectors .vectors.*)
 .vectors       0x0000000000000000       0xb4 ../samd21a/gcc/gcc/startup_samd21.o
                0x0000000000000000                exception_table
 *(.text .text.* .gnu.linkonce.t.*)
 .text          0x00000000000000b4       0x48 /Users/margaret/arm_gcc/gcc-arm-none-eabi-7-2018-q2-update/bin/../lib/gcc/arm-none-eabi/7.3.1/thumb/v6-m/crtbegin.o
 .text.Dummy_Handler
                0x00000000000000fc        0x2 ../samd21a/gcc/gcc/startup_samd21.o
                0x00000000000000fc                SYSCTRL_Handler
                0x00000000000000fc                DMAC_Handler
                0x00000000000000fc                HardFault_Handler
                0x00000000000000fc                AC_Handler
                0x00000000000000fc                SysTick_Handler
                0x00000000000000fc                PendSV_Handler
                0x00000000000000fc                TC7_Handler
                0x00000000000000fc                SERCOM1_Handler
                0x00000000000000fc                ADC_Handler
                0x00000000000000fc                NonMaskableInt_Handler
                0x00000000000000fc                TCC1_Handler
                0x00000000000000fc                SERCOM2_Handler
                0x00000000000000fc                TCC0_Handler
                0x00000000000000fc                RTC_Handler
                0x00000000000000fc                EIC_Handler
                0x00000000000000fc                TC6_Handler
                0x00000000000000fc                WDT_Handler
                0x00000000000000fc                TC4_Handler
                0x00000000000000fc                USB_Handler
                0x00000000000000fc                TC3_Handler
                0x00000000000000fc                Dummy_Handler
                0x00000000000000fc                PM_Handler
                0x00000000000000fc                SERCOM5_Handler
                0x00000000000000fc                TCC2_Handler
                0x00000000000000fc                EVSYS_Handler
                0x00000000000000fc                SERCOM3_Handler
                0x00000000000000fc                SERCOM4_Handler
                0x00000000000000fc                I2S_Handler
                0x00000000000000fc                NVMCTRL_Handler
                0x00000000000000fc                SERCOM0_Handler
                0x00000000000000fc                DAC_Handler
                0x00000000000000fc                PTC_Handler
                0x00000000000000fc                TC5_Handler
                0x00000000000000fc                SVCall_Handler
 *fill*         0x00000000000000fe        0x2 
 .text.Reset_Handler
                0x0000000000000100       0xbc ../samd21a/gcc/gcc/startup_samd21.o
                0x0000000000000100                Reset_Handler
 .text._pm_init
                0x00000000000001bc       0x20 ../hpl/pm/hpl_pm.o
                0x00000000000001bc                _pm_init
 .text._init_chip
                0x00000000000001dc       0x34 ../hpl/core/hpl_init.o
                0x00000000000001dc                _init_chip
 .text._sysctrl_init_sources
                0x0000000000000210       0x40 ../hpl/sysctrl/hpl_sysctrl.o
                0x0000000000000210                _sysctrl_init_sources
 .text._sysctrl_init_referenced_generators
                0x0000000000000250       0x10 ../hpl/sysctrl/hpl_sysctrl.o
                0x0000000000000250                _sysctrl_init_referenced_generators
 .text._gclk_init_generators_by_fref
                0x0000000000000260       0x20 ../hpl/gclk/hpl_gclk.o
                0x0000000000000260                _gclk_init_generators_by_fref
 .text.main     0x0000000000000280       0x20 ../main.o
                0x0000000000000280                main
 .text.system_init
                0x00000000000002a0        0xc ../driver_init.o
                0x00000000000002a0                system_init
 .text.atmel_start_init
                0x00000000000002ac        0xc ../atmel_start.o
                0x00000000000002ac                atmel_start_init
 .text.__libc_init_array
                0x00000000000002b8       0x48 /Users/margaret/arm_gcc/gcc-arm-none-eabi-7-2018-q2-update/bin/../lib/gcc/arm-none-eabi/7.3.1/../../../../arm-none-eabi/lib/thumb/v6-m/libc_nano.a(lib_a-init.o)
                0x00000000000002b8                __libc_init_array
 *(.glue_7t)
 .glue_7t       0x0000000000000300        0x0 linker stubs
 *(.glue_7)
 .glue_7        0x0000000000000300        0x0 linker stubs
 *(.rodata .rodata* .gnu.linkonce.r.*)
 *(.ARM.extab* .gnu.linkonce.armextab.*)
                0x0000000000000300                . = ALIGN (0x4)
 *(.init)
 .init          0x0000000000000300        0x4 /Users/margaret/arm_gcc/gcc-arm-none-eabi-7-2018-q2-update/bin/../lib/gcc/arm-none-eabi/7.3.1/thumb/v6-m/crti.o
                0x0000000000000300                _init
 .init          0x0000000000000304        0x8 /Users/margaret/arm_gcc/gcc-arm-none-eabi-7-2018-q2-update/bin/../lib/gcc/arm-none-eabi/7.3.1/thumb/v6-m/crtn.o
                0x000000000000030c                . = ALIGN (0x4)
                0x000000000000030c                __preinit_array_start = .
 *(.preinit_array)
                0x000000000000030c                __preinit_array_end = .
                0x000000000000030c                . = ALIGN (0x4)
                0x000000000000030c                __init_array_start = .
 *(SORT_BY_NAME(.init_array.*))
 *(.init_array)
 .init_array    0x000000000000030c        0x4 /Users/margaret/arm_gcc/gcc-arm-none-eabi-7-2018-q2-update/bin/../lib/gcc/arm-none-eabi/7.3.1/thumb/v6-m/crtbegin.o
                0x0000000000000310                __init_array_end = .
                0x0000000000000310                . = ALIGN (0x4)
 *crtbegin.o(.ctors)
 *(EXCLUDE_FILE(*crtend.o) .ctors)
 *(SORT_BY_NAME(.ctors.*))
 *crtend.o(.ctors)
                0x0000000000000310                . = ALIGN (0x4)
 *(.fini)
 .fini          0x0000000000000310        0x4 /Users/margaret/arm_gcc/gcc-arm-none-eabi-7-2018-q2-update/bin/../lib/gcc/arm-none-eabi/7.3.1/thumb/v6-m/crti.o
                0x0000000000000310                _fini
 .fini          0x0000000000000314        0x8 /Users/margaret/arm_gcc/gcc-arm-none-eabi-7-2018-q2-update/bin/../lib/gcc/arm-none-eabi/7.3.1/thumb/v6-m/crtn.o
                0x000000000000031c                . = ALIGN (0x4)
                0x000000000000031c                __fini_array_start = .
 *(.fini_array)
 .fini_array    0x000000000000031c        0x4 /Users/margaret/arm_gcc/gcc-arm-none-eabi-7-2018-q2-update/bin/../lib/gcc/arm-none-eabi/7.3.1/thumb/v6-m/crtbegin.o
 *(SORT_BY_NAME(.fini_array.*))
                0x0000000000000320                __fini_array_end = .
 *crtbegin.o(.dtors)
 *(EXCLUDE_FILE(*crtend.o) .dtors)
 *(SORT_BY_NAME(.dtors.*))
 *crtend.o(.dtors)
                0x0000000000000320                . = ALIGN (0x4)
                0x0000000000000320                _efixed = .
                [!provide]                        PROVIDE (__exidx_start = .)

.vfp11_veneer   0x0000000000000320        0x0
 .vfp11_veneer  0x0000000000000320        0x0 linker stubs

.v4_bx          0x0000000000000320        0x0
 .v4_bx         0x0000000000000320        0x0 linker stubs

.iplt           0x0000000000000320        0x0
 .iplt          0x0000000000000320        0x0 /Users/margaret/arm_gcc/gcc-arm-none-eabi-7-2018-q2-update/bin/../lib/gcc/arm-none-eabi/7.3.1/thumb/v6-m/crtbegin.o

.igot.plt       0x0000000000000320        0x0
 .igot.plt      0x0000000000000320        0x0 /Users/margaret/arm_gcc/gcc-arm-none-eabi-7-2018-q2-update/bin/../lib/gcc/arm-none-eabi/7.3.1/thumb/v6-m/crtbegin.o

.eh_frame       0x0000000000000320        0x0
 .eh_frame      0x0000000000000320        0x0 /Users/margaret/arm_gcc/gcc-arm-none-eabi-7-2018-q2-update/bin/../lib/gcc/arm-none-eabi/7.3.1/thumb/v6-m/crtbegin.o

.rel.dyn        0x0000000000000320        0x0
 .rel.iplt      0x0000000000000320        0x0 /Users/margaret/arm_gcc/gcc-arm-none-eabi-7-2018-q2-update/bin/../lib/gcc/arm-none-eabi/7.3.1/thumb/v6-m/crtbegin.o

.ARM.exidx
 *(.ARM.exidx* .gnu.linkonce.armexidx.*)
                [!provide]                        PROVIDE (__exidx_end = .)
                0x0000000000000320                . = ALIGN (0x4)
                0x0000000000000320                _etext = .

.relocate       0x0000000020000000        0x0 load address 0x0000000000000320
                0x0000000020000000                . = ALIGN (0x4)
                0x0000000020000000                _srelocate = .
 *(.ramfunc .ramfunc.*)
 *(.data .data.*)
                0x0000000020000000                . = ALIGN (0x4)
                0x0000000020000000                _erelocate = .

.bss            0x0000000020000000       0x1c
                0x0000000020000000                . = ALIGN (0x4)
                0x0000000020000000                _sbss = .
                0x0000000020000000                _szero = .
 *(.bss .bss.*)
 .bss           0x0000000020000000       0x1c /Users/margaret/arm_gcc/gcc-arm-none-eabi-7-2018-q2-update/bin/../lib/gcc/arm-none-eabi/7.3.1/thumb/v6-m/crtbegin.o
 *(COMMON)
                0x000000002000001c                . = ALIGN (0x4)
                0x000000002000001c                _ebss = .
                0x000000002000001c                _ezero = .

.stack          0x000000002000001c     0x2004
                0x0000000020000020                . = ALIGN (0x8)
 *fill*         0x000000002000001c        0x4 
                0x0000000020000020                _sstack = .
                0x0000000020002020                . = (. + STACK_SIZE)
 *fill*         0x0000000020000020     0x2000 
                0x0000000020002020                . = ALIGN (0x8)
                0x0000000020002020                _estack = .
                0x0000000020002020                . = ALIGN (0x4)
                0x0000000020002020                _end = .
OUTPUT(AtmelStart.elf elf32-littlearm)

.ARM.attributes
                0x0000000000000000       0x28
 .ARM.attributes
                0x0000000000000000       0x1e /Users/margaret/arm_gcc/gcc-arm-none-eabi-7-2018-q2-update/bin/../lib/gcc/arm-none-eabi/7.3.1/thumb/v6-m/crti.o
 .ARM.attributes
                0x000000000000001e       0x2c /Users/margaret/arm_gcc/gcc-arm-none-eabi-7-2018-q2-update/bin/../lib/gcc/arm-none-eabi/7.3.1/thumb/v6-m/crtbegin.o
 .ARM.attributes
                0x000000000000004a       0x32 ../samd21a/gcc/gcc/startup_samd21.o
 .ARM.attributes
                0x000000000000007c       0x32 ../hpl/pm/hpl_pm.o
 .ARM.attributes
                0x00000000000000ae       0x32 ../hpl/core/hpl_init.o
 .ARM.attributes
                0x00000000000000e0       0x32 ../hpl/sysctrl/hpl_sysctrl.o
 .ARM.attributes
                0x0000000000000112       0x32 ../hpl/gclk/hpl_gclk.o
 .ARM.attributes
                0x0000000000000144       0x32 ../main.o
 .ARM.attributes
                0x0000000000000176       0x32 ../driver_init.o
 .ARM.attributes
                0x00000000000001a8       0x32 ../atmel_start.o
 .ARM.attributes
                0x00000000000001da       0x2c /Users/margaret/arm_gcc/gcc-arm-none-eabi-7-2018-q2-update/bin/../lib/gcc/arm-none-eabi/7.3.1/../../../../arm-none-eabi/lib/thumb/v6-m/libc_nano.a(lib_a-init.o)
 .ARM.attributes
                0x0000000000000206       0x1e /Users/margaret/arm_gcc/gcc-arm-none-eabi-7-2018-q2-update/bin/../lib/gcc/arm-none-eabi/7.3.1/thumb/v6-m/crtn.o

.comment        0x0000000000000000       0x7f
 .comment       0x0000000000000000       0x7f ../samd21a/gcc/gcc/startup_samd21.o
                                         0x80 (size before relaxing)
 .comment       0x000000000000007f       0x80 ../hpl/pm/hpl_pm.o
 .comment       0x000000000000007f       0x80 ../hpl/core/hpl_init.o
 .comment       0x000000000000007f       0x80 ../hpl/sysctrl/hpl_sysctrl.o
 .comment       0x000000000000007f       0x80 ../hpl/gclk/hpl_gclk.o
 .comment       0x000000000000007f       0x80 ../main.o
 .comment       0x000000000000007f       0x80 ../driver_init.o
 .comment       0x000000000000007f       0x80 ../atmel_start.o

.debug_info     0x0000000000000000     0x60fa
 .debug_info    0x0000000000000000     0x35c7 ../samd21a/gcc/gcc/startup_samd21.o
 .debug_info    0x00000000000035c7      0xba6 ../hpl/pm/hpl_pm.o
 .debug_info    0x000000000000416d      0x621 ../hpl/core/hpl_init.o
 .debug_info    0x000000000000478e     0x1283 ../hpl/sysctrl/hpl_sysctrl.o
 .debug_info    0x0000000000005a11      0x49b ../hpl/gclk/hpl_gclk.o
 .debug_info    0x0000000000005eac       0xc8 ../main.o
 .debug_info    0x0000000000005f74       0xcf ../driver_init.o
 .debug_info    0x0000000000006043       0xb7 ../atmel_start.o

.debug_abbrev   0x0000000000000000      0xbcf
 .debug_abbrev  0x0000000000000000      0x25b ../samd21a/gcc/gcc/startup_samd21.o
 .debug_abbrev  0x000000000000025b      0x22e ../hpl/pm/hpl_pm.o
 .debug_abbrev  0x0000000000000489      0x1d3 ../hpl/core/hpl_init.o
 .debug_abbrev  0x000000000000065c      0x215 ../hpl/sysctrl/hpl_sysctrl.o
 .debug_abbrev  0x0000000000000871      0x1b5 ../hpl/gclk/hpl_gclk.o
 .debug_abbrev  0x0000000000000a26       0x8f ../main.o
 .debug_abbrev  0x0000000000000ab5       0x9c ../driver_init.o
 .debug_abbrev  0x0000000000000b51       0x7e ../atmel_start.o

.debug_loc      0x0000000000000000      0x384
 .debug_loc     0x0000000000000000       0x2b ../samd21a/gcc/gcc/startup_samd21.o
 .debug_loc     0x000000000000002b      0x10d ../hpl/pm/hpl_pm.o
 .debug_loc     0x0000000000000138       0x2c ../hpl/core/hpl_init.o
 .debug_loc     0x0000000000000164       0xe8 ../hpl/sysctrl/hpl_sysctrl.o
 .debug_loc     0x000000000000024c       0xea ../hpl/gclk/hpl_gclk.o
 .debug_loc     0x0000000000000336       0x4e ../main.o

.debug_aranges  0x0000000000000000      0x128
 .debug_aranges
                0x0000000000000000       0x28 ../samd21a/gcc/gcc/startup_samd21.o
 .debug_aranges
                0x0000000000000028       0x30 ../hpl/pm/hpl_pm.o
 .debug_aranges
                0x0000000000000058       0x20 ../hpl/core/hpl_init.o
 .debug_aranges
                0x0000000000000078       0x28 ../hpl/sysctrl/hpl_sysctrl.o
 .debug_aranges
                0x00000000000000a0       0x28 ../hpl/gclk/hpl_gclk.o
 .debug_aranges
                0x00000000000000c8       0x20 ../main.o
 .debug_aranges
                0x00000000000000e8       0x20 ../driver_init.o
 .debug_aranges
                0x0000000000000108       0x20 ../atmel_start.o

.debug_ranges   0x0000000000000000      0x148
 .debug_ranges  0x0000000000000000       0x18 ../samd21a/gcc/gcc/startup_samd21.o
 .debug_ranges  0x0000000000000018       0x50 ../hpl/pm/hpl_pm.o
 .debug_ranges  0x0000000000000068       0x30 ../hpl/core/hpl_init.o
 .debug_ranges  0x0000000000000098       0x68 ../hpl/sysctrl/hpl_sysctrl.o
 .debug_ranges  0x0000000000000100       0x18 ../hpl/gclk/hpl_gclk.o
 .debug_ranges  0x0000000000000118       0x10 ../main.o
 .debug_ranges  0x0000000000000128       0x10 ../driver_init.o
 .debug_ranges  0x0000000000000138       0x10 ../atmel_start.o

.debug_line     0x0000000000000000      0xdec
 .debug_line    0x0000000000000000      0x1ff ../samd21a/gcc/gcc/startup_samd21.o
 .debug_line    0x00000000000001ff      0x22a ../hpl/pm/hpl_pm.o
 .debug_line    0x0000000000000429      0x1f6 ../hpl/core/hpl_init.o
 .debug_line    0x000000000000061f      0x228 ../hpl/sysctrl/hpl_sysctrl.o
 .debug_line    0x0000000000000847      0x1b4 ../hpl/gclk/hpl_gclk.o
 .debug_line    0x00000000000009fb      0x141 ../main.o
 .debug_line    0x0000000000000b3c      0x16a ../driver_init.o
 .debug_line    0x0000000000000ca6      0x146 ../atmel_start.o

.debug_str      0x0000000000000000     0x1d67
 .debug_str     0x0000000000000000     0x1247 ../samd21a/gcc/gcc/startup_samd21.o
                                       0x1391 (size before relaxing)
 .debug_str     0x0000000000001247      0x3e9 ../hpl/pm/hpl_pm.o
                                        0x657 (size before relaxing)
 .debug_str     0x0000000000001630       0xaf ../hpl/core/hpl_init.o
                                        0x414 (size before relaxing)
 .debug_str     0x00000000000016df      0x50c ../hpl/sysctrl/hpl_sysctrl.o
                                        0x7c2 (size before relaxing)
 .debug_str     0x0000000000001beb      0x12a ../hpl/gclk/hpl_gclk.o
                                        0x353 (size before relaxing)
 .debug_str     0x0000000000001d15       0x1b ../main.o
                                        0x1d4 (size before relaxing)
 .debug_str     0x0000000000001d30       0x26 ../driver_init.o
                                        0x1e5 (size before relaxing)
 .debug_str     0x0000000000001d56       0x11 ../atmel_start.o
                                        0x1e2 (size before relaxing)

.debug_frame    0x0000000000000000      0x1b0
 .debug_frame   0x0000000000000000       0x3c ../samd21a/gcc/gcc/startup_samd21.o
 .debug_frame   0x000000000000003c       0x40 ../hpl/pm/hpl_pm.o
 .debug_frame   0x000000000000007c       0x28 ../hpl/core/hpl_init.o
 .debug_frame   0x00000000000000a4       0x30 ../hpl/sysctrl/hpl_sysctrl.o
 .debug_frame   0x00000000000000d4       0x30 ../hpl/gclk/hpl_gclk.o
 .debug_frame   0x0000000000000104       0x30 ../main.o
 .debug_frame   0x0000000000000134       0x28 ../driver_init.o
 .debug_frame   0x000000000000015c       0x28 ../atmel_start.o
 .debug_frame   0x0000000000000184       0x2c /Users/margaret/arm_gcc/gcc-arm-none-eabi-7-2018-q2-update/bin/../lib/gcc/arm-none-eabi/7.3.1/../../../../arm-none-eabi/lib/thumb/v6-m/libc_nano.a(lib_a-init.o)
